../Core/Src/acc_hal_integration_stm32cube_xe121_single_sensor.c:27:20:disable_interrupts	4	static,ignoring_inline_asm
../Core/Src/acc_hal_integration_stm32cube_xe121_single_sensor.c:33:20:enable_interrupts	4	static,ignoring_inline_asm
../Core/Src/acc_hal_integration_stm32cube_xe121_single_sensor.c:58:13:acc_hal_integration_sensor_transfer	40	static
../Core/Src/acc_hal_integration_stm32cube_xe121_single_sensor.c:106:6:acc_hal_integration_sensor_supply_on	16	static
../Core/Src/acc_hal_integration_stm32cube_xe121_single_sensor.c:118:6:acc_hal_integration_sensor_supply_off	16	static
../Core/Src/acc_hal_integration_stm32cube_xe121_single_sensor.c:129:6:acc_hal_integration_sensor_enable	16	static
../Core/Src/acc_hal_integration_stm32cube_xe121_single_sensor.c:147:6:acc_hal_integration_sensor_disable	16	static
../Core/Src/acc_hal_integration_stm32cube_xe121_single_sensor.c:164:6:acc_hal_integration_wait_for_sensor_interrupt	32	static,ignoring_inline_asm
../Core/Src/acc_hal_integration_stm32cube_xe121_single_sensor.c:198:10:acc_hal_integration_sensor_count	4	static
../Core/Src/acc_hal_integration_stm32cube_xe121_single_sensor.c:204:23:acc_hal_rss_integration_get_implementation	4	static
