../Core/Src/main.c:146:5:main	8	static
../Core/Src/main.c:248:6:SystemClock_Config	120	static
../Core/Src/main.c:308:13:MX_SPI1_Init	8	static
../Core/Src/main.c:356:13:MX_USART3_UART_Init	8	static
../Core/Src/main.c:404:13:MX_GPIO_Init	56	static
../Core/Src/main.c:515:6:HAL_GPIO_EXTI_Callback	16	static
../Core/Src/main.c:527:5:_write	24	static
../Core/Src/main.c:544:6:Start_tache_1	24	static
../Core/Src/main.c:592:6:Start_tache_2	16	static
../Core/Src/main.c:613:6:StartTask03	32	static
../Core/Src/main.c:640:6:MPU_Config	24	static
../Core/Src/main.c:675:6:HAL_TIM_PeriodElapsedCallback	16	static
../Core/Src/main.c:692:6:Error_Handler	4	static,ignoring_inline_asm
