../Core/use_cases/example_apps/example_hand_motion_detection.c:69:33:hand_motion_detection_config_create	16	static
../Core/use_cases/example_apps/example_hand_motion_detection.c:88:6:hand_motion_detection_config_destroy	16	static
../Core/use_cases/example_apps/example_hand_motion_detection.c:102:6:hand_motion_detection_set_config	16	static
../Core/use_cases/example_apps/example_hand_motion_detection.c:144:33:hand_motion_detection_handle_create	32	static
../Core/use_cases/example_apps/example_hand_motion_detection.c:210:6:hand_motion_detection_handle_destroy	16	static
../Core/use_cases/example_apps/example_hand_motion_detection.c:244:6:hand_motion_detection_config_log	16	static
../Core/use_cases/example_apps/example_hand_motion_detection.c:276:6:hand_motion_detection_get_buffer_size	32	static
../Core/use_cases/example_apps/example_hand_motion_detection.c:304:6:hand_motion_detection_prepare	40	static
../Core/use_cases/example_apps/example_hand_motion_detection.c:329:6:hand_motion_detection_process	104	static
../Core/use_cases/example_apps/example_hand_motion_detection.c:364:13:reinit_hand_motion_detection_state	16	static
../Core/use_cases/example_apps/example_hand_motion_detection.c:372:13:set_sensor_config	56	static
../Core/use_cases/example_apps/example_hand_motion_detection.c:425:13:set_processing_config	24	static
../Core/use_cases/example_apps/example_hand_motion_detection.c:446:48:process_presence_processing_result	24	static
../Core/use_cases/example_apps/example_hand_motion_detection.c:470:13:determine_app_mode	24	static
../Core/use_cases/example_apps/example_hand_motion_detection.c:507:13:swap_app_mode	16	static
