../Core/application/acc_exploration_server_stm32.c:41:13:uart_wait_for_tx_done	16	static,ignoring_inline_asm
../Core/application/acc_exploration_server_stm32.c:68:13:write_to_client	32	static
../Core/application/acc_exploration_server_stm32.c:92:13:restart_input	8	static
../Core/application/acc_exploration_server_stm32.c:106:13:set_baudrate	16	static
../Core/application/acc_exploration_server_stm32.c:123:17:get_tick	8	static
../Core/application/acc_exploration_server_stm32.c:142:6:acc_exploration_server_stm32_init	24	static
../Core/application/acc_exploration_server_stm32.c:150:6:acc_exploration_server_stm32_main	16	static,ignoring_inline_asm
../Core/application/acc_exploration_server_stm32.c:200:6:HAL_UART_ErrorCallback	16	static
../Core/application/acc_exploration_server_stm32.c:213:6:HAL_UART_TxCpltCallback	16	static
../Core/application/acc_exploration_server_stm32.c:222:6:acc_integration_log	176	static
../Core/application/acc_exploration_server_stm32.c:247:5:acconeer_main	16	static
