../Core/Src/acc_processing_helpers.c:27:18:acc_vector_iq_alloc	24	static
../Core/Src/acc_processing_helpers.c:50:21:acc_vector_float_alloc	24	static
../Core/Src/acc_processing_helpers.c:73:6:acc_vector_iq_free	16	static
../Core/Src/acc_processing_helpers.c:85:6:acc_vector_float_free	16	static
../Core/Src/acc_processing_helpers.c:97:7:acc_processing_helper_tc_to_sf	16	static
../Core/Src/acc_processing_helpers.c:110:7:acc_processing_helper_dynamic_sf	16	static
../Core/Src/acc_processing_helpers.c:116:6:acc_vector_iq_update_exponential_average	32	static
../Core/Src/acc_processing_helpers.c:127:6:acc_vector_float_update_exponential_average	32	static
../Core/Src/acc_processing_helpers.c:138:6:acc_get_iq_sweep_vector	32	static
../Core/Src/acc_processing_helpers.c:152:6:acc_get_iq_point_vector	32	static
../Core/Src/acc_processing_helpers.c:166:10:acc_processing_helper_get_filter_length	16	static
../Core/Src/acc_processing_helpers.c:172:6:acc_vector_float_create_depth_filter_vector	40	static
../Core/Src/acc_processing_helpers.c:203:6:acc_vector_iq_apply_filter	40	static
../Core/Src/acc_processing_helpers.c:226:6:acc_vector_iq_copy	24	static
../Core/Src/acc_processing_helpers.c:237:6:acc_vector_iq_add	32	static
../Core/Src/acc_processing_helpers.c:249:6:acc_vector_iq_subtract	32	static
../Core/Src/acc_processing_helpers.c:261:6:acc_vector_iq_mult	40	static
../Core/Src/acc_processing_helpers.c:273:6:acc_vector_iq_mult_conj	40	static
../Core/Src/acc_processing_helpers.c:285:6:acc_vector_iq_rotate_phase_inline	48	static
../Core/Src/acc_processing_helpers.c:296:6:acc_vector_iq_conj_inline	24	static
../Core/Src/acc_processing_helpers.c:305:6:acc_vector_iq_amplitude	32	static
../Core/Src/acc_processing_helpers.c:316:7:acc_vector_iq_coherent_mean_amplitude	40	static
../Core/Src/acc_processing_helpers.c:331:7:acc_vector_iq_noncoherent_mean_amplitude	24	static
../Core/Src/acc_processing_helpers.c:346:6:acc_vector_iq_phase	32	static
../Core/Src/acc_processing_helpers.c:357:10:acc_vector_float_argmax	32	static
../Core/Src/acc_processing_helpers.c:375:10:acc_vector_float_argmax_skip_edges	32	static
../Core/Src/acc_processing_helpers.c:395:7:acc_processing_helper_interpolate_peak_position	24	static
../Core/Src/acc_processing_helpers.c:401:6:acc_vector_float_print	80	static
../Core/Src/acc_processing_helpers.c:423:6:acc_vector_iq_print	160	static
