../Middlewares/Third_Party/TraceRecorder/trcSnapshotRecorder.c:235:6:vTraceEnable	16	static
../Middlewares/Third_Party/TraceRecorder/trcSnapshotRecorder.c:274:6:vTraceSetStopHook	16	static
../Middlewares/Third_Party/TraceRecorder/trcSnapshotRecorder.c:285:6:vTraceClear	24	static,ignoring_inline_asm
../Middlewares/Third_Party/TraceRecorder/trcSnapshotRecorder.c:316:10:uiTraceStart	32	static,ignoring_inline_asm
../Middlewares/Third_Party/TraceRecorder/trcSnapshotRecorder.c:366:6:vTraceStart	8	static
../Middlewares/Third_Party/TraceRecorder/trcSnapshotRecorder.c:377:6:vTraceStop	8	static
../Middlewares/Third_Party/TraceRecorder/trcSnapshotRecorder.c:394:5:xTraceIsRecordingEnabled	4	static
../Middlewares/Third_Party/TraceRecorder/trcSnapshotRecorder.c:412:13:xTraceGetLastError	4	static
../Middlewares/Third_Party/TraceRecorder/trcSnapshotRecorder.c:425:6:vTraceClearError	4	static
../Middlewares/Third_Party/TraceRecorder/trcSnapshotRecorder.c:442:7:xTraceGetTraceBuffer	4	static
../Middlewares/Third_Party/TraceRecorder/trcSnapshotRecorder.c:454:10:uiTraceGetTraceBufferSize	4	static
../Middlewares/Third_Party/TraceRecorder/trcSnapshotRecorder.c:464:13:prvTraceTaskInstanceFinish	40	static,ignoring_inline_asm
../Middlewares/Third_Party/TraceRecorder/trcSnapshotRecorder.c:512:6:vTraceInstanceFinishedNext	8	static
../Middlewares/Third_Party/TraceRecorder/trcSnapshotRecorder.c:541:6:vTraceInstanceFinishedNow	8	static
../Middlewares/Third_Party/TraceRecorder/trcSnapshotRecorder.c:570:14:xTraceSetISRProperties	16	static
../Middlewares/Third_Party/TraceRecorder/trcSnapshotRecorder.c:603:6:vTraceStoreISRBegin	40	static,ignoring_inline_asm
../Middlewares/Third_Party/TraceRecorder/trcSnapshotRecorder.c:682:6:vTraceStoreISREnd	48	static,ignoring_inline_asm
../Middlewares/Third_Party/TraceRecorder/trcSnapshotRecorder.c:1554:6:prvTraceSetReadyEventsEnabled	16	static
../Middlewares/Third_Party/TraceRecorder/trcSnapshotRecorder.c:1564:6:prvTraceStoreTaskReady	40	static,ignoring_inline_asm
../Middlewares/Third_Party/TraceRecorder/trcSnapshotRecorder.c:1628:6:prvTraceStoreLowPower	40	static,ignoring_inline_asm
../Middlewares/Third_Party/TraceRecorder/trcSnapshotRecorder.c:1678:6:vTraceStoreMemMangEvent	64	static,ignoring_inline_asm
../Middlewares/Third_Party/TraceRecorder/trcSnapshotRecorder.c:1757:6:prvTraceStoreKernelCall	48	static,ignoring_inline_asm
../Middlewares/Third_Party/TraceRecorder/trcSnapshotRecorder.c:1815:6:prvTraceStoreKernelCallWithParam	48	static,ignoring_inline_asm
../Middlewares/Third_Party/TraceRecorder/trcSnapshotRecorder.c:1875:17:prvTraceGetParam	24	static
../Middlewares/Third_Party/TraceRecorder/trcSnapshotRecorder.c:1909:6:prvTraceStoreKernelCallWithNumericParamOnly	48	static,ignoring_inline_asm
../Middlewares/Third_Party/TraceRecorder/trcSnapshotRecorder.c:1959:6:prvTraceStoreTaskswitch	40	static,ignoring_inline_asm
../Middlewares/Third_Party/TraceRecorder/trcSnapshotRecorder.c:2019:6:prvTraceStoreObjectNameOnCloseEvent	40	static
../Middlewares/Third_Party/TraceRecorder/trcSnapshotRecorder.c:2049:6:prvTraceStoreObjectPropertiesOnCloseEvent	32	static
../Middlewares/Third_Party/TraceRecorder/trcSnapshotRecorder.c:2079:6:prvTraceSetPriorityProperty	24	static
../Middlewares/Third_Party/TraceRecorder/trcSnapshotRecorder.c:2089:9:prvTraceGetPriorityProperty	24	static
../Middlewares/Third_Party/TraceRecorder/trcSnapshotRecorder.c:2099:6:prvTraceSetObjectState	24	static
../Middlewares/Third_Party/TraceRecorder/trcSnapshotRecorder.c:2109:9:prvTraceGetObjectState	24	static
../Middlewares/Third_Party/TraceRecorder/trcSnapshotRecorder.c:2119:6:prvTraceSetTaskInstanceFinished	24	static
../Middlewares/Third_Party/TraceRecorder/trcSnapshotRecorder.c:2164:6:prvTraceInitTraceData	8	static
../Middlewares/Third_Party/TraceRecorder/trcSnapshotRecorder.c:2286:7:prvTraceNextFreeEventBufferSlot	8	static
../Middlewares/Third_Party/TraceRecorder/trcSnapshotRecorder.c:2303:10:uiIndexOfObject	16	static
../Middlewares/Third_Party/TraceRecorder/trcSnapshotRecorder.c:2321:13:prvTraceGetObjectHandle	40	static,ignoring_inline_asm
../Middlewares/Third_Party/TraceRecorder/trcSnapshotRecorder.c:2373:6:prvTraceFreeObjectHandle	24	static
../Middlewares/Third_Party/TraceRecorder/trcSnapshotRecorder.c:2404:6:prvMarkObjectAsUsed	24	static
../Middlewares/Third_Party/TraceRecorder/trcSnapshotRecorder.c:2415:13:prvStrncpy	32	static
../Middlewares/Third_Party/TraceRecorder/trcSnapshotRecorder.c:2432:6:prvTraceSetObjectName	16	static
../Middlewares/Third_Party/TraceRecorder/trcSnapshotRecorder.c:2470:13:prvTraceOpenSymbol	40	static,ignoring_inline_asm
../Middlewares/Third_Party/TraceRecorder/trcSnapshotRecorder.c:2509:6:vTraceSetFrequency	16	static
../Middlewares/Third_Party/TraceRecorder/trcSnapshotRecorder.c:2530:6:prvTraceError	16	static
../Middlewares/Third_Party/TraceRecorder/trcSnapshotRecorder.c:2550:6:vTraceSetFilterMask	16	static
../Middlewares/Third_Party/TraceRecorder/trcSnapshotRecorder.c:2555:6:vTraceSetFilterGroup	16	static
../Middlewares/Third_Party/TraceRecorder/trcSnapshotRecorder.c:2576:6:prvCheckDataToBeOverwrittenForMultiEntryEvents	32	static
../Middlewares/Third_Party/TraceRecorder/trcSnapshotRecorder.c:2621:6:prvTraceUpdateCounters	8	static
../Middlewares/Third_Party/TraceRecorder/trcSnapshotRecorder.c:2657:10:prvTraceGetDTS	32	static
../Middlewares/Third_Party/TraceRecorder/trcSnapshotRecorder.c:2775:13:prvTraceLookupSymbolTableEntry	24	static
../Middlewares/Third_Party/TraceRecorder/trcSnapshotRecorder.c:2818:10:prvTraceCreateSymbolTableEntry	24	static
../Middlewares/Third_Party/TraceRecorder/trcSnapshotRecorder.c:2879:6:prvTraceGetChecksum	40	static
../Middlewares/Third_Party/TraceRecorder/trcSnapshotRecorder.c:2951:6:prvTraceInitCortexM	8	static
../Middlewares/Third_Party/TraceRecorder/trcSnapshotRecorder.c:3016:6:prvTracePortGetTimeStamp	32	static
