../Core/Src/syscalls.c:48:6:initialise_monitor_handles	4	static
../Core/Src/syscalls.c:52:5:_getpid	4	static
../Core/Src/syscalls.c:57:5:_kill	16	static
../Core/Src/syscalls.c:65:6:_exit	16	static
../Core/Src/syscalls.c:71:27:_read	32	static
../Core/Src/syscalls.c:96:5:_close	16	static
../Core/Src/syscalls.c:103:5:_fstat	16	static
../Core/Src/syscalls.c:110:5:_isatty	16	static
../Core/Src/syscalls.c:116:5:_lseek	24	static
../Core/Src/syscalls.c:124:5:_open	12	static
../Core/Src/syscalls.c:132:5:_wait	16	static
../Core/Src/syscalls.c:139:5:_unlink	16	static
../Core/Src/syscalls.c:146:5:_times	16	static
../Core/Src/syscalls.c:152:5:_stat	16	static
../Core/Src/syscalls.c:159:5:_link	16	static
../Core/Src/syscalls.c:167:5:_fork	8	static
../Core/Src/syscalls.c:173:5:_execve	24	static
../Core/Src/syscalls.c:181:5:_write	24	static
