../Core/integration/printf.c:132:20:_out_buffer	24	static
../Core/integration/printf.c:141:20:_out_null	24	static
../Core/integration/printf.c:148:20:_out_char	24	static
../Core/integration/printf.c:158:20:_out_fct	24	static
../Core/integration/printf.c:170:28:_strnlen_s	24	static
../Core/integration/printf.c:180:20:_is_digit	16	static
../Core/integration/printf.c:187:21:_atoi	24	static
../Core/integration/printf.c:198:15:_out_rev	40	static
../Core/integration/printf.c:226:15:_ntoa_format	40	static
../Core/integration/printf.c:280:15:_ntoa_long	96	static
../Core/integration/printf.c:305:15:_ntoa_long_long	96	static
../Core/integration/printf.c:338:15:_ftoa	120	static
../Core/integration/printf.c:466:15:_etoa	136	static
../Core/integration/printf.c:576:12:_vsnprintf	176	static
../Core/integration/printf.c:861:5:printf_	32	static
../Core/integration/printf.c:872:5:sprintf_	36	static
../Core/integration/printf.c:882:5:snprintf_	32	static
../Core/integration/printf.c:892:5:vprintf_	32	static
../Core/integration/printf.c:899:5:vsnprintf_	32	static
../Core/integration/printf.c:905:5:fctprintf	40	static
../Core/integration/printf.c:915:5:fctvprintf	40	static
