Archive member included to satisfy reference by file (symbol)

c:/st/stm32cubeide/plugins/com.st.stm32cube.ide.mcu.externaltools.gnu-tools-for-stm32.10.3-2021.10.win32_1.0.0.202111181127/tools/bin/../lib/gcc/arm-none-eabi/10.3.1/../../../../arm-none-eabi/lib/thumb/v7-m/nofp\libc_nano.a(lib_a-errno.o)
                              ./Src/syscalls.o (__errno)
c:/st/stm32cubeide/plugins/com.st.stm32cube.ide.mcu.externaltools.gnu-tools-for-stm32.10.3-2021.10.win32_1.0.0.202111181127/tools/bin/../lib/gcc/arm-none-eabi/10.3.1/../../../../arm-none-eabi/lib/thumb/v7-m/nofp\libc_nano.a(lib_a-exit.o)
                              c:/st/stm32cubeide/plugins/com.st.stm32cube.ide.mcu.externaltools.gnu-tools-for-stm32.10.3-2021.10.win32_1.0.0.202111181127/tools/bin/../lib/gcc/arm-none-eabi/10.3.1/../../../../arm-none-eabi/lib/thumb/v7-m/nofp/crt0.o (exit)
c:/st/stm32cubeide/plugins/com.st.stm32cube.ide.mcu.externaltools.gnu-tools-for-stm32.10.3-2021.10.win32_1.0.0.202111181127/tools/bin/../lib/gcc/arm-none-eabi/10.3.1/../../../../arm-none-eabi/lib/thumb/v7-m/nofp\libc_nano.a(lib_a-findfp.o)
                              ./Middlewares/Third_Party/FreeRTOS/Source/tasks.o (__sf_fake_stderr)
c:/st/stm32cubeide/plugins/com.st.stm32cube.ide.mcu.externaltools.gnu-tools-for-stm32.10.3-2021.10.win32_1.0.0.202111181127/tools/bin/../lib/gcc/arm-none-eabi/10.3.1/../../../../arm-none-eabi/lib/thumb/v7-m/nofp\libc_nano.a(lib_a-fwalk.o)
                              c:/st/stm32cubeide/plugins/com.st.stm32cube.ide.mcu.externaltools.gnu-tools-for-stm32.10.3-2021.10.win32_1.0.0.202111181127/tools/bin/../lib/gcc/arm-none-eabi/10.3.1/../../../../arm-none-eabi/lib/thumb/v7-m/nofp\libc_nano.a(lib_a-findfp.o) (_fwalk)
c:/st/stm32cubeide/plugins/com.st.stm32cube.ide.mcu.externaltools.gnu-tools-for-stm32.10.3-2021.10.win32_1.0.0.202111181127/tools/bin/../lib/gcc/arm-none-eabi/10.3.1/../../../../arm-none-eabi/lib/thumb/v7-m/nofp\libc_nano.a(lib_a-impure.o)
                              c:/st/stm32cubeide/plugins/com.st.stm32cube.ide.mcu.externaltools.gnu-tools-for-stm32.10.3-2021.10.win32_1.0.0.202111181127/tools/bin/../lib/gcc/arm-none-eabi/10.3.1/../../../../arm-none-eabi/lib/thumb/v7-m/nofp\libc_nano.a(lib_a-exit.o) (_global_impure_ptr)
c:/st/stm32cubeide/plugins/com.st.stm32cube.ide.mcu.externaltools.gnu-tools-for-stm32.10.3-2021.10.win32_1.0.0.202111181127/tools/bin/../lib/gcc/arm-none-eabi/10.3.1/../../../../arm-none-eabi/lib/thumb/v7-m/nofp\libc_nano.a(lib_a-init.o)
                              c:/st/stm32cubeide/plugins/com.st.stm32cube.ide.mcu.externaltools.gnu-tools-for-stm32.10.3-2021.10.win32_1.0.0.202111181127/tools/bin/../lib/gcc/arm-none-eabi/10.3.1/../../../../arm-none-eabi/lib/thumb/v7-m/nofp/crt0.o (__libc_init_array)
c:/st/stm32cubeide/plugins/com.st.stm32cube.ide.mcu.externaltools.gnu-tools-for-stm32.10.3-2021.10.win32_1.0.0.202111181127/tools/bin/../lib/gcc/arm-none-eabi/10.3.1/../../../../arm-none-eabi/lib/thumb/v7-m/nofp\libc_nano.a(lib_a-lock.o)
                              c:/st/stm32cubeide/plugins/com.st.stm32cube.ide.mcu.externaltools.gnu-tools-for-stm32.10.3-2021.10.win32_1.0.0.202111181127/tools/bin/../lib/gcc/arm-none-eabi/10.3.1/../../../../arm-none-eabi/lib/thumb/v7-m/nofp\libc_nano.a(lib_a-findfp.o) (__retarget_lock_init_recursive)
c:/st/stm32cubeide/plugins/com.st.stm32cube.ide.mcu.externaltools.gnu-tools-for-stm32.10.3-2021.10.win32_1.0.0.202111181127/tools/bin/../lib/gcc/arm-none-eabi/10.3.1/../../../../arm-none-eabi/lib/thumb/v7-m/nofp\libc_nano.a(lib_a-memcpy-stub.o)
                              ./Middlewares/Third_Party/FreeRTOS/Source/queue.o (memcpy)
c:/st/stm32cubeide/plugins/com.st.stm32cube.ide.mcu.externaltools.gnu-tools-for-stm32.10.3-2021.10.win32_1.0.0.202111181127/tools/bin/../lib/gcc/arm-none-eabi/10.3.1/../../../../arm-none-eabi/lib/thumb/v7-m/nofp\libc_nano.a(lib_a-memset.o)
                              c:/st/stm32cubeide/plugins/com.st.stm32cube.ide.mcu.externaltools.gnu-tools-for-stm32.10.3-2021.10.win32_1.0.0.202111181127/tools/bin/../lib/gcc/arm-none-eabi/10.3.1/../../../../arm-none-eabi/lib/thumb/v7-m/nofp/crt0.o (memset)
c:/st/stm32cubeide/plugins/com.st.stm32cube.ide.mcu.externaltools.gnu-tools-for-stm32.10.3-2021.10.win32_1.0.0.202111181127/tools/bin/../lib/gcc/arm-none-eabi/10.3.1/../../../../arm-none-eabi/lib/thumb/v7-m/nofp\libc_nano.a(lib_a-nano-mallocr.o)
                              c:/st/stm32cubeide/plugins/com.st.stm32cube.ide.mcu.externaltools.gnu-tools-for-stm32.10.3-2021.10.win32_1.0.0.202111181127/tools/bin/../lib/gcc/arm-none-eabi/10.3.1/../../../../arm-none-eabi/lib/thumb/v7-m/nofp\libc_nano.a(lib_a-findfp.o) (_malloc_r)
c:/st/stm32cubeide/plugins/com.st.stm32cube.ide.mcu.externaltools.gnu-tools-for-stm32.10.3-2021.10.win32_1.0.0.202111181127/tools/bin/../lib/gcc/arm-none-eabi/10.3.1/../../../../arm-none-eabi/lib/thumb/v7-m/nofp\libc_nano.a(lib_a-sbrkr.o)
[...]
Memory Configuration

Name             Origin             Length             Attributes
RAM              0x0000000020000000 0x0000000000014000 xrw
FLASH            0x0000000008000000 0x0000000000080000 xr
*default*        0x0000000000000000 0xffffffffffffffff

Linker script and memory map

LOAD c:/st/stm32cubeide/plugins/com.st.stm32cube.ide.mcu.externaltools.gnu-tools-for-stm32.10.3-2021.10.win32_1.0.0.202111181127/tools/bin/../lib/gcc/arm-none-eabi/10.3.1/thumb/v7-m/nofp/crti.o
LOAD c:/st/stm32cubeide/plugins/com.st.stm32cube.ide.mcu.externaltools.gnu-tools-for-stm32.10.3-2021.10.win32_1.0.0.202111181127/tools/bin/../lib/gcc/arm-none-eabi/10.3.1/thumb/v7-m/nofp/crtbegin.o
LOAD c:/st/stm32cubeide/plugins/com.st.stm32cube.ide.mcu.externaltools.gnu-tools-for-stm32.10.3-2021.10.win32_1.0.0.202111181127/tools/bin/../lib/gcc/arm-none-eabi/10.3.1/../../../../arm-none-eabi/lib/thumb/v7-m/nofp/crt0.o
LOAD ./Drivers/MeSN/UART/mesn_uart.o
LOAD ./Drivers/STM32L1xx_HAL_Driver/Src/stm32l1xx_hal.o
LOAD ./Drivers/STM32L1xx_HAL_Driver/Src/stm32l1xx_hal_cortex.o
LOAD ./Drivers/STM32L1xx_HAL_Driver/Src/stm32l1xx_hal_dma.o
LOAD ./Drivers/STM32L1xx_HAL_Driver/Src/stm32l1xx_hal_exti.o
LOAD ./Drivers/STM32L1xx_HAL_Driver/Src/stm32l1xx_hal_flash.o
LOAD ./Drivers/STM32L1xx_HAL_Driver/Src/stm32l1xx_hal_flash_ex.o
LOAD ./Drivers/STM32L1xx_HAL_Driver/Src/stm32l1xx_hal_flash_ramfunc.o
LOAD ./Drivers/STM32L1xx_HAL_Driver/Src/stm32l1xx_hal_gpio.o
LOAD ./Drivers/STM32L1xx_HAL_Driver/Src/stm32l1xx_hal_pwr.o
LOAD ./Drivers/STM32L1xx_HAL_Driver/Src/stm32l1xx_hal_pwr_ex.o
LOAD ./Drivers/STM32L1xx_HAL_Driver/Src/stm32l1xx_hal_rcc.o
LOAD ./Drivers/STM32L1xx_HAL_Driver/Src/stm32l1xx_hal_rcc_ex.o
LOAD ./Drivers/STM32L1xx_HAL_Driver/Src/stm32l1xx_hal_tim.o
LOAD ./Drivers/STM32L1xx_HAL_Driver/Src/stm32l1xx_hal_tim_ex.o
LOAD ./Middlewares/Third_Party/FreeRTOS/Source/CMSIS_RTOS/cmsis_os.o
LOAD ./Middlewares/Third_Party/FreeRTOS/Source/croutine.o
LOAD ./Middlewares/Third_Party/FreeRTOS/Source/event_groups.o
LOAD ./Middlewares/Third_Party/FreeRTOS/Source/list.o
LOAD ./Middlewares/Third_Party/FreeRTOS/Source/queue.o
LOAD ./Middlewares/Third_Party/FreeRTOS/Source/stream_buffer.o
LOAD ./Middlewares/Third_Party/FreeRTOS/Source/tasks.o
LOAD ./Middlewares/Third_Party/FreeRTOS/Source/timers.o
LOAD ./Middlewares/Third_Party/FreeRTOS/Source/portable/GCC/ARM_CM3/port.o
LOAD ./Middlewares/Third_Party/FreeRTOS/Source/portable/MemMang/heap_1.o
LOAD ./Middlewares/Third_Party/TraceRecorder/trcKernelPort.o
LOAD ./Middlewares/Third_Party/TraceRecorder/trcSnapshotRecorder.o
LOAD ./Middlewares/Third_Party/TraceRecorder/trcStreamingRecorder.o
LOAD ./Src/freertos.o
LOAD ./Src/gpio.o
LOAD ./Src/main.o
LOAD ./Src/stm32l1xx_hal_msp.o
LOAD ./Src/stm32l1xx_hal_timebase_tim.o
LOAD ./Src/stm32l1xx_it.o
LOAD ./Src/syscalls.o
LOAD ./Src/sysmem.o
LOAD ./Src/system_stm32l1xx.o
LOAD ./Startup/startup_stm32l152retx.o
START GROUP
LOAD c:/st/stm32cubeide/plugins/com.st.stm32cube.ide.mcu.externaltools.gnu-tools-for-stm32.10.3-2021.10.win32_1.0.0.202111181127/tools/bin/../lib/gcc/arm-none-eabi/10.3.1/../../../../arm-none-eabi/lib/thumb/v7-m/nofp\libc_nano.a
LOAD c:/st/stm32cubeide/plugins/com.st.stm32cube.ide.mcu.externaltools.gnu-tools-for-stm32.10.3-2021.10.win32_1.0.0.202111181127/tools/bin/../lib/gcc/arm-none-eabi/10.3.1/../../../../arm-none-eabi/lib/thumb/v7-m/nofp\libm.a
END GROUP
START GROUP
LOAD c:/st/stm32cubeide/plugins/com.st.stm32cube.ide.mcu.externaltools.gnu-tools-for-stm32.10.3-2021.10.win32_1.0.0.202111181127/tools/bin/../lib/gcc/arm-none-eabi/10.3.1/thumb/v7-m/nofp\libgcc.a
LOAD c:/st/stm32cubeide/plugins/com.st.stm32cube.ide.mcu.externaltools.gnu-tools-for-stm32.10.3-2021.10.win32_1.0.0.202111181127/tools/bin/../lib/gcc/arm-none-eabi/10.3.1/../../../../arm-none-eabi/lib/thumb/v7-m/nofp\libc_nano.a
END GROUP
START GROUP
LOAD c:/st/stm32cubeide/plugins/com.st.stm32cube.ide.mcu.externaltools.gnu-tools-for-stm32.10.3-2021.10.win32_1.0.0.202111181127/tools/bin/../lib/gcc/arm-none-eabi/10.3.1/thumb/v7-m/nofp\libgcc.a
LOAD c:/st/stm32cubeide/plugins/com.st.stm32cube.ide.mcu.externaltools.gnu-tools-for-stm32.10.3-2021.10.win32_1.0.0.202111181127/tools/bin/../lib/gcc/arm-none-eabi/10.3.1/../../../../arm-none-eabi/lib/thumb/v7-m/nofp\libc_nano.a
LOAD c:/st/stm32cubeide/plugins/com.st.stm32cube.ide.mcu.externaltools.gnu-tools-for-stm32.10.3-2021.10.win32_1.0.0.202111181127/tools/bin/../lib/gcc/arm-none-eabi/10.3.1/../../../../arm-none-eabi/lib/thumb/v7-m/nofp\libnosys.a
END GROUP
START GROUP
LOAD c:/st/stm32cubeide/plugins/com.st.stm32cube.ide.mcu.externaltools.gnu-tools-for-stm32.10.3-2021.10.win32_1.0.0.202111181127/tools/bin/../lib/gcc/arm-none-eabi/10.3.1/thumb/v7-m/nofp\libgcc.a
LOAD c:/st/stm32cubeide/plugins/com.st.stm32cube.ide.mcu.externaltools.gnu-tools-for-stm32.10.3-2021.10.win32_1.0.0.202111181127/tools/bin/../lib/gcc/arm-none-eabi/10.3.1/../../../../arm-none-eabi/lib/thumb/v7-m/nofp\libc_nano.a
LOAD c:/st/stm32cubeide/plugins/com.st.stm32cube.ide.mcu.externaltools.gnu-tools-for-stm32.10.3-2021.10.win32_1.0.0.202111181127/tools/bin/../lib/gcc/arm-none-eabi/10.3.1/../../../../arm-none-eabi/lib/thumb/v7-m/nofp\libnosys.a
END GROUP
LOAD c:/st/stm32cubeide/plugins/com.st.stm32cube.ide.mcu.externaltools.gnu-tools-for-stm32.10.3-2021.10.win32_1.0.0.202111181127/tools/bin/../lib/gcc/arm-none-eabi/10.3.1/thumb/v7-m/nofp/crtend.o
LOAD c:/st/stm32cubeide/plugins/com.st.stm32cube.ide.mcu.externaltools.gnu-tools-for-stm32.10.3-2021.10.win32_1.0.0.202111181127/tools/bin/../lib/gcc/arm-none-eabi/10.3.1/thumb/v7-m/nofp/crtn.o
                0x0000000020014000                _estack = (ORIGIN (RAM) + LENGTH (RAM))
                0x0000000000000200                _Min_Heap_Size = 0x200
                0x0000000000000400                _Min_Stack_Size = 0x400

.isr_vector     0x0000000008000000      0x13c
                0x0000000008000000                . = ALIGN (0x4)
 *(.isr_vector)
 .isr_vector    0x0000000008000000      0x13c ./Startup/startup_stm32l152retx.o
                0x0000000008000000                g_pfnVectors
                0x000000000800013c                . = ALIGN (0x4)

.text           0x0000000008000140     0x6704
                0x0000000008000140                . = ALIGN (0x4)
 *(.text)
 .text          0x0000000008000140       0x40 c:/st/stm32cubeide/plugins/com.st.stm32cube.ide.mcu.externaltools.gnu-tools-for-stm32.10.3-2021.10.win32_1.0.0.202111181127/tools/bin/../lib/gcc/arm-none-eabi/10.3.1/thumb/v7-m/nofp/crtbegin.o
 .text          0x0000000008000180       0x30 c:/st/stm32cubeide/plugins/com.st.stm32cube.ide.mcu.externaltools.gnu-tools-for-stm32.10.3-2021.10.win32_1.0.0.202111181127/tools/bin/../lib/gcc/arm-none-eabi/10.3.1/thumb/v7-m/nofp\libgcc.a(_aeabi_uldivmod.o)
                0x0000000008000180                __aeabi_uldivmod
 .text          0x00000000080001b0      0x2d4 c:/st/stm32cubeide/plugins/com.st.stm32cube.ide.mcu.externaltools.gnu-tools-for-stm32.10.3-2021.10.win32_1.0.0.202111181127/tools/bin/../lib/gcc/arm-none-eabi/10.3.1/thumb/v7-m/nofp\libgcc.a(_udivmoddi4.o)
                0x00000000080001b0                __udivmoddi4
 .text          0x0000000008000484        0x4 c:/st/stm32cubeide/plugins/com.st.stm32cube.ide.mcu.externaltools.gnu-tools-for-stm32.10.3-2021.10.win32_1.0.0.202111181127/tools/bin/../lib/gcc/arm-none-eabi/10.3.1/thumb/v7-m/nofp\libgcc.a(_dvmd_tls.o)
                0x0000000008000484                __aeabi_idiv0
                0x0000000008000484                __aeabi_ldiv0
 *(.text*)
 .text.MESN_UART_Init
                0x0000000008000488      0x1ac ./Drivers/MeSN/UART/mesn_uart.o
                0x0000000008000488                MESN_UART_Init
 .text.MESN_UART_PutString_Poll
                0x0000000008000634       0x3c ./Drivers/MeSN/UART/mesn_uart.o
                0x0000000008000634                MESN_UART_PutString_Poll
 .text.MESN_PRIV_UART_IRQHandler
                0x0000000008000670       0x70 ./Drivers/MeSN/UART/mesn_uart.o
 .text.USART2_IRQHandler
                0x00000000080006e0        0xc ./Drivers/MeSN/UART/mesn_uart.o
                0x00000000080006e0                USART2_IRQHandler
 .text.MESN_PRIV_UART_PutChar_Poll
                0x00000000080006ec       0x2c ./Drivers/MeSN/UART/mesn_uart.o
 .text.HAL_Init
                0x0000000008000718       0x30 ./Drivers/STM32L1xx_HAL_Driver/Src/stm32l1xx_hal.o
                0x0000000008000718                HAL_Init
 .text.HAL_IncTick
                0x0000000008000748       0x24 ./Drivers/STM32L1xx_HAL_Driver/Src/stm32l1xx_hal.o
                0x0000000008000748                HAL_IncTick
 .text.HAL_GetTick
                0x000000000800076c       0x14 ./Drivers/STM32L1xx_HAL_Driver/Src/stm32l1xx_hal.o
                0x000000000800076c                HAL_GetTick
 .text.__NVIC_SetPriorityGrouping
                0x0000000008000780       0x48 ./Drivers/STM32L1xx_HAL_Driver/Src/stm32l1xx_hal_cortex.o
 .text.__NVIC_GetPriorityGrouping
                0x00000000080007c8       0x1c ./Drivers/STM32L1xx_HAL_Driver/Src/stm32l1xx_hal_cortex.o
 .text.__NVIC_EnableIRQ
                0x00000000080007e4       0x38 ./Drivers/STM32L1xx_HAL_Driver/Src/stm32l1xx_hal_cortex.o
 .text.__NVIC_SetPriority
                0x000000000800081c       0x54 ./Drivers/STM32L1xx_HAL_Driver/Src/stm32l1xx_hal_cortex.o
 .text.NVIC_EncodePriority
                0x0000000008000870       0x64 ./Drivers/STM32L1xx_HAL_Driver/Src/stm32l1xx_hal_cortex.o
 .text.HAL_NVIC_SetPriorityGrouping
                0x00000000080008d4       0x16 ./Drivers/STM32L1xx_HAL_Driver/Src/stm32l1xx_hal_cortex.o
                0x00000000080008d4                HAL_NVIC_SetPriorityGrouping
 .text.HAL_NVIC_SetPriority
                0x00000000080008ea       0x38 ./Drivers/STM32L1xx_HAL_Driver/Src/stm32l1xx_hal_cortex.o
                0x00000000080008ea                HAL_NVIC_SetPriority
 .text.HAL_NVIC_EnableIRQ
                0x0000000008000922       0x1c ./Drivers/STM32L1xx_HAL_Driver/Src/stm32l1xx_hal_cortex.o
                0x0000000008000922                HAL_NVIC_EnableIRQ
 *fill*         0x000000000800093e        0x2 
 .text.HAL_GPIO_Init
                0x0000000008000940      0x320 ./Drivers/STM32L1xx_HAL_Driver/Src/stm32l1xx_hal_gpio.o
                0x0000000008000940                HAL_GPIO_Init
 .text.HAL_GPIO_WritePin
                0x0000000008000c60       0x30 ./Drivers/STM32L1xx_HAL_Driver/Src/stm32l1xx_hal_gpio.o
                0x0000000008000c60                HAL_GPIO_WritePin
 .text.HAL_RCC_OscConfig
                0x0000000008000c90      0x660 ./Drivers/STM32L1xx_HAL_Driver/Src/stm32l1xx_hal_rcc.o
                0x0000000008000c90                HAL_RCC_OscConfig
 .text.HAL_RCC_ClockConfig
                0x00000000080012f0      0x268 ./Drivers/STM32L1xx_HAL_Driver/Src/stm32l1xx_hal_rcc.o
                0x00000000080012f0                HAL_RCC_ClockConfig
 .text.HAL_RCC_GetSysClockFreq
                0x0000000008001558      0x17c ./Drivers/STM32L1xx_HAL_Driver/Src/stm32l1xx_hal_rcc.o
                0x0000000008001558                HAL_RCC_GetSysClockFreq
 .text.HAL_RCC_GetHCLKFreq
                0x00000000080016d4       0x14 ./Drivers/STM32L1xx_HAL_Driver/Src/stm32l1xx_hal_rcc.o
                0x00000000080016d4                HAL_RCC_GetHCLKFreq
 .text.HAL_RCC_GetPCLK1Freq
                0x00000000080016e8       0x28 ./Drivers/STM32L1xx_HAL_Driver/Src/stm32l1xx_hal_rcc.o
                0x00000000080016e8                HAL_RCC_GetPCLK1Freq
 .text.HAL_RCC_GetClockConfig
                0x0000000008001710       0x60 ./Drivers/STM32L1xx_HAL_Driver/Src/stm32l1xx_hal_rcc.o
                0x0000000008001710                HAL_RCC_GetClockConfig
 .text.RCC_SetFlashLatencyFromMSIRange
                0x0000000008001770       0xc0 ./Drivers/STM32L1xx_HAL_Driver/Src/stm32l1xx_hal_rcc.o
 .text.HAL_TIM_Base_Init
                0x0000000008001830       0x7e ./Drivers/STM32L1xx_HAL_Driver/Src/stm32l1xx_hal_tim.o
                0x0000000008001830                HAL_TIM_Base_Init
 .text.HAL_TIM_Base_MspInit
                0x00000000080018ae       0x12 ./Drivers/STM32L1xx_HAL_Driver/Src/stm32l1xx_hal_tim.o
                0x00000000080018ae                HAL_TIM_Base_MspInit
 .text.HAL_TIM_Base_Start_IT
                0x00000000080018c0       0xa4 ./Drivers/STM32L1xx_HAL_Driver/Src/stm32l1xx_hal_tim.o
                0x00000000080018c0                HAL_TIM_Base_Start_IT
 .text.HAL_TIM_IRQHandler
                0x0000000008001964      0x1b8 ./Drivers/STM32L1xx_HAL_Driver/Src/stm32l1xx_hal_tim.o
                0x0000000008001964                HAL_TIM_IRQHandler
 .text.HAL_TIM_OC_DelayElapsedCallback
                0x0000000008001b1c       0x12 ./Drivers/STM32L1xx_HAL_Driver/Src/stm32l1xx_hal_tim.o
                0x0000000008001b1c                HAL_TIM_OC_DelayElapsedCallback
 .text.HAL_TIM_IC_CaptureCallback
                0x0000000008001b2e       0x12 ./Drivers/STM32L1xx_HAL_Driver/Src/stm32l1xx_hal_tim.o
                0x0000000008001b2e                HAL_TIM_IC_CaptureCallback
 .text.HAL_TIM_PWM_PulseFinishedCallback
                0x0000000008001b40       0x12 ./Drivers/STM32L1xx_HAL_Driver/Src/stm32l1xx_hal_tim.o
                0x0000000008001b40                HAL_TIM_PWM_PulseFinishedCallback
 .text.HAL_TIM_TriggerCallback
                0x0000000008001b52       0x12 ./Drivers/STM32L1xx_HAL_Driver/Src/stm32l1xx_hal_tim.o
                0x0000000008001b52                HAL_TIM_TriggerCallback
 .text.TIM_Base_SetConfig
                0x0000000008001b64       0xe0 ./Drivers/STM32L1xx_HAL_Driver/Src/stm32l1xx_hal_tim.o
 .text.makeFreeRtosPriority
                0x0000000008001c44       0x2e ./Middlewares/Third_Party/FreeRTOS/Source/CMSIS_RTOS/cmsis_os.o
 .text.inHandlerMode
                0x0000000008001c72       0x22 ./Middlewares/Third_Party/FreeRTOS/Source/CMSIS_RTOS/cmsis_os.o
 .text.osKernelStart
                0x0000000008001c94        0xe ./Middlewares/Third_Party/FreeRTOS/Source/CMSIS_RTOS/cmsis_os.o
                0x0000000008001c94                osKernelStart
 .text.osKernelSysTick
                0x0000000008001ca2       0x20 ./Middlewares/Third_Party/FreeRTOS/Source/CMSIS_RTOS/cmsis_os.o
                0x0000000008001ca2                osKernelSysTick
 .text.osThreadCreate
                0x0000000008001cc2       0x4e ./Middlewares/Third_Party/FreeRTOS/Source/CMSIS_RTOS/cmsis_os.o
                0x0000000008001cc2                osThreadCreate
 .text.osDelay  0x0000000008001d10       0x28 ./Middlewares/Third_Party/FreeRTOS/Source/CMSIS_RTOS/cmsis_os.o
                0x0000000008001d10                osDelay
 .text.osSemaphoreCreate
                0x0000000008001d38       0x3c ./Middlewares/Third_Party/FreeRTOS/Source/CMSIS_RTOS/cmsis_os.o
                0x0000000008001d38                osSemaphoreCreate
 .text.osSemaphoreWait
                0x0000000008001d74       0x9c ./Middlewares/Third_Party/FreeRTOS/Source/CMSIS_RTOS/cmsis_os.o
                0x0000000008001d74                osSemaphoreWait
 .text.osSemaphoreRelease
                0x0000000008001e10       0x6c ./Middlewares/Third_Party/FreeRTOS/Source/CMSIS_RTOS/cmsis_os.o
                0x0000000008001e10                osSemaphoreRelease
 .text.osDelayUntil
                0x0000000008001e7c       0x2c ./Middlewares/Third_Party/FreeRTOS/Source/CMSIS_RTOS/cmsis_os.o
                0x0000000008001e7c                osDelayUntil
 .text.vListInitialise
                0x0000000008001ea8       0x3e ./Middlewares/Third_Party/FreeRTOS/Source/list.o
                0x0000000008001ea8                vListInitialise
 .text.vListInitialiseItem
                0x0000000008001ee6       0x18 ./Middlewares/Third_Party/FreeRTOS/Source/list.o
                0x0000000008001ee6                vListInitialiseItem
 .text.vListInsertEnd
                0x0000000008001efe       0x46 ./Middlewares/Third_Party/FreeRTOS/Source/list.o
                0x0000000008001efe                vListInsertEnd
 .text.vListInsert
                0x0000000008001f44       0x70 ./Middlewares/Third_Party/FreeRTOS/Source/list.o
                0x0000000008001f44                vListInsert
 .text.uxListRemove
                0x0000000008001fb4       0x52 ./Middlewares/Third_Party/FreeRTOS/Source/list.o
                0x0000000008001fb4                uxListRemove
 *fill*         0x0000000008002006        0x2 
 .text.xQueueGenericReset
                0x0000000008002008       0xd0 ./Middlewares/Third_Party/FreeRTOS/Source/queue.o
                0x0000000008002008                xQueueGenericReset
 .text.xQueueGenericCreate
                0x00000000080020d8       0xac ./Middlewares/Third_Party/FreeRTOS/Source/queue.o
                0x00000000080020d8                xQueueGenericCreate
 .text.prvInitialiseNewQueue
                0x0000000008002184      0x128 ./Middlewares/Third_Party/FreeRTOS/Source/queue.o
 .text.xQueueGenericSend
                0x00000000080022ac      0x41c ./Middlewares/Third_Party/FreeRTOS/Source/queue.o
                0x00000000080022ac                xQueueGenericSend
 .text.xQueueGiveFromISR
                0x00000000080026c8       0x1e ./Middlewares/Third_Party/FreeRTOS/Source/queue.o
                0x00000000080026c8                xQueueGiveFromISR
 *fill*         0x00000000080026e6        0x2 
 .text.MyWrapper
                0x00000000080026e8      0x1fc ./Middlewares/Third_Party/FreeRTOS/Source/queue.o
                0x00000000080026e8                MyWrapper
 .text.xQueueSemaphoreTake
                0x00000000080028e4      0x464 ./Middlewares/Third_Party/FreeRTOS/Source/queue.o
                0x00000000080028e4                xQueueSemaphoreTake
 .text.xQueueReceiveFromISR
                0x0000000008002d48      0x1cc ./Middlewares/Third_Party/FreeRTOS/Source/queue.o
                0x0000000008002d48                xQueueReceiveFromISR
 .text.uxQueueGetQueueNumber
                0x0000000008002f14       0x16 ./Middlewares/Third_Party/FreeRTOS/Source/queue.o
                0x0000000008002f14                uxQueueGetQueueNumber
 .text.vQueueSetQueueNumber
                0x0000000008002f2a       0x1a ./Middlewares/Third_Party/FreeRTOS/Source/queue.o
                0x0000000008002f2a                vQueueSetQueueNumber
 .text.ucQueueGetQueueType
                0x0000000008002f44       0x18 ./Middlewares/Third_Party/FreeRTOS/Source/queue.o
                0x0000000008002f44                ucQueueGetQueueType
 .text.prvGetDisinheritPriorityAfterTimeout
                0x0000000008002f5c       0x2e ./Middlewares/Third_Party/FreeRTOS/Source/queue.o
 .text.prvCopyDataToQueue
                0x0000000008002f8a       0xd4 ./Middlewares/Third_Party/FreeRTOS/Source/queue.o
 .text.prvCopyDataFromQueue
                0x000000000800305e       0x4c ./Middlewares/Third_Party/FreeRTOS/Source/queue.o
 .text.prvUnlockQueue
                0x00000000080030aa       0xa4 ./Middlewares/Third_Party/FreeRTOS/Source/queue.o
 .text.prvIsQueueEmpty
                0x000000000800314e       0x2c ./Middlewares/Third_Party/FreeRTOS/Source/queue.o
 .text.prvIsQueueFull
                0x000000000800317a       0x30 ./Middlewares/Third_Party/FreeRTOS/Source/queue.o
 .text.xTaskCreate
                0x00000000080031aa       0x82 ./Middlewares/Third_Party/FreeRTOS/Source/tasks.o
                0x00000000080031aa                xTaskCreate
 .text.prvInitialiseNewTask
                0x000000000800322c      0x13c ./Middlewares/Third_Party/FreeRTOS/Source/tasks.o
 .text.prvAddNewTaskToReadyList
                0x0000000008003368      0x1a4 ./Middlewares/Third_Party/FreeRTOS/Source/tasks.o
 .text.vTaskDelayUntil
                0x000000000800350c      0x16c ./Middlewares/Third_Party/FreeRTOS/Source/tasks.o
                0x000000000800350c                vTaskDelayUntil
 .text.vTaskDelay
                0x0000000008003678       0xd8 ./Middlewares/Third_Party/FreeRTOS/Source/tasks.o
                0x0000000008003678                vTaskDelay
 .text.vTaskStartScheduler
                0x0000000008003750       0xa0 ./Middlewares/Third_Party/FreeRTOS/Source/tasks.o
                0x0000000008003750                vTaskStartScheduler
 .text.vTaskSuspendAll
                0x00000000080037f0       0x1c ./Middlewares/Third_Party/FreeRTOS/Source/tasks.o
                0x00000000080037f0                vTaskSuspendAll
 .text.xTaskResumeAll
                0x000000000800380c      0x164 ./Middlewares/Third_Party/FreeRTOS/Source/tasks.o
                0x000000000800380c                xTaskResumeAll
 .text.xTaskGetTickCount
                0x0000000008003970       0x1c ./Middlewares/Third_Party/FreeRTOS/Source/tasks.o
                0x0000000008003970                xTaskGetTickCount
 .text.xTaskGetTickCountFromISR
                0x000000000800398c       0x24 ./Middlewares/Third_Party/FreeRTOS/Source/tasks.o
                0x000000000800398c                xTaskGetTickCountFromISR
 .text.xTaskIncrementTick
                0x00000000080039b0      0x1cc ./Middlewares/Third_Party/FreeRTOS/Source/tasks.o
                0x00000000080039b0                xTaskIncrementTick
 .text.vTaskSwitchContext
                0x0000000008003b7c       0xf8 ./Middlewares/Third_Party/FreeRTOS/Source/tasks.o
                0x0000000008003b7c                vTaskSwitchContext
 .text.vTaskPlaceOnEventList
                0x0000000008003c74       0x48 ./Middlewares/Third_Party/FreeRTOS/Source/tasks.o
                0x0000000008003c74                vTaskPlaceOnEventList
 .text.xTaskRemoveFromEventList
                0x0000000008003cbc       0xf0 ./Middlewares/Third_Party/FreeRTOS/Source/tasks.o
                0x0000000008003cbc                xTaskRemoveFromEventList
 .text.vTaskInternalSetTimeOutState
                0x0000000008003dac       0x2c ./Middlewares/Third_Party/FreeRTOS/Source/tasks.o
                0x0000000008003dac                vTaskInternalSetTimeOutState
 .text.xTaskCheckForTimeOut
                0x0000000008003dd8       0xc4 ./Middlewares/Third_Party/FreeRTOS/Source/tasks.o
                0x0000000008003dd8                xTaskCheckForTimeOut
 .text.vTaskMissedYield
                0x0000000008003e9c       0x18 ./Middlewares/Third_Party/FreeRTOS/Source/tasks.o
                0x0000000008003e9c                vTaskMissedYield
 .text.uxTaskGetTaskNumber
                0x0000000008003eb4       0x2a ./Middlewares/Third_Party/FreeRTOS/Source/tasks.o
                0x0000000008003eb4                uxTaskGetTaskNumber
 .text.vTaskSetTaskNumber
                0x0000000008003ede       0x24 ./Middlewares/Third_Party/FreeRTOS/Source/tasks.o
                0x0000000008003ede                vTaskSetTaskNumber
 *fill*         0x0000000008003f02        0x2 
 .text.prvIdleTask
                0x0000000008003f04       0x30 ./Middlewares/Third_Party/FreeRTOS/Source/tasks.o
 .text.prvInitialiseTaskLists
                0x0000000008003f34       0x74 ./Middlewares/Third_Party/FreeRTOS/Source/tasks.o
 .text.prvCheckTasksWaitingTermination
                0x0000000008003fa8        0xc ./Middlewares/Third_Party/FreeRTOS/Source/tasks.o
 .text.prvResetNextTaskUnblockTime
                0x0000000008003fb4       0x48 ./Middlewares/Third_Party/FreeRTOS/Source/tasks.o
 .text.xTaskGetCurrentTaskHandle
                0x0000000008003ffc       0x1c ./Middlewares/Third_Party/FreeRTOS/Source/tasks.o
                0x0000000008003ffc                xTaskGetCurrentTaskHandle
 .text.xTaskGetSchedulerState
                0x0000000008004018       0x3c ./Middlewares/Third_Party/FreeRTOS/Source/tasks.o
                0x0000000008004018                xTaskGetSchedulerState
 .text.xTaskPriorityInherit
                0x0000000008004054      0x194 ./Middlewares/Third_Party/FreeRTOS/Source/tasks.o
                0x0000000008004054                xTaskPriorityInherit
 .text.xTaskPriorityDisinherit
                0x00000000080041e8      0x190 ./Middlewares/Third_Party/FreeRTOS/Source/tasks.o
                0x00000000080041e8                xTaskPriorityDisinherit
 .text.vTaskPriorityDisinheritAfterTimeout
                0x0000000008004378      0x1c4 ./Middlewares/Third_Party/FreeRTOS/Source/tasks.o
                0x0000000008004378                vTaskPriorityDisinheritAfterTimeout
 .text.pvTaskIncrementMutexHeldCount
                0x000000000800453c       0x28 ./Middlewares/Third_Party/FreeRTOS/Source/tasks.o
                0x000000000800453c                pvTaskIncrementMutexHeldCount
 .text.prvAddCurrentTaskToDelayedList
                0x0000000008004564       0xcc ./Middlewares/Third_Party/FreeRTOS/Source/tasks.o
 .text.pxPortInitialiseStack
                0x0000000008004630       0x58 ./Middlewares/Third_Party/FreeRTOS/Source/portable/GCC/ARM_CM3/port.o
                0x0000000008004630                pxPortInitialiseStack
 .text.prvTaskExitError
                0x0000000008004688       0x58 ./Middlewares/Third_Party/FreeRTOS/Source/portable/GCC/ARM_CM3/port.o
 .text.SVC_Handler
                0x00000000080046e0       0x28 ./Middlewares/Third_Party/FreeRTOS/Source/portable/GCC/ARM_CM3/port.o
                0x00000000080046e0                SVC_Handler
 .text.prvPortStartFirstTask
                0x0000000008004708       0x20 ./Middlewares/Third_Party/FreeRTOS/Source/portable/GCC/ARM_CM3/port.o
 .text.xPortStartScheduler
                0x0000000008004728      0x104 ./Middlewares/Third_Party/FreeRTOS/Source/portable/GCC/ARM_CM3/port.o
                0x0000000008004728                xPortStartScheduler
 .text.vPortEnterCritical
                0x000000000800482c       0x60 ./Middlewares/Third_Party/FreeRTOS/Source/portable/GCC/ARM_CM3/port.o
                0x000000000800482c                vPortEnterCritical
 .text.vPortExitCritical
                0x000000000800488c       0x50 ./Middlewares/Third_Party/FreeRTOS/Source/portable/GCC/ARM_CM3/port.o
                0x000000000800488c                vPortExitCritical
 *fill*         0x00000000080048dc        0x4 
 .text.PendSV_Handler
                0x00000000080048e0       0x48 ./Middlewares/Third_Party/FreeRTOS/Source/portable/GCC/ARM_CM3/port.o
                0x00000000080048e0                PendSV_Handler
 .text.SysTick_Handler
                0x0000000008004928       0x44 ./Middlewares/Third_Party/FreeRTOS/Source/portable/GCC/ARM_CM3/port.o
                0x0000000008004928                SysTick_Handler
 .text.vPortSetupTimerInterrupt
                0x000000000800496c       0x44 ./Middlewares/Third_Party/FreeRTOS/Source/portable/GCC/ARM_CM3/port.o
                0x000000000800496c                vPortSetupTimerInterrupt
 .text.vPortValidateInterruptPriority
                0x00000000080049b0       0x7c ./Middlewares/Third_Party/FreeRTOS/Source/portable/GCC/ARM_CM3/port.o
                0x00000000080049b0                vPortValidateInterruptPriority
 .text.pvPortMalloc
                0x0000000008004a2c       0xac ./Middlewares/Third_Party/FreeRTOS/Source/portable/MemMang/heap_1.o
                0x0000000008004a2c                pvPortMalloc
 .text.vPortFree
                0x0000000008004ad8       0x2e ./Middlewares/Third_Party/FreeRTOS/Source/portable/MemMang/heap_1.o
                0x0000000008004ad8                vPortFree
 .text.prvTraceGetQueueNumber
                0x0000000008004b06       0x18 ./Middlewares/Third_Party/TraceRecorder/trcKernelPort.o
                0x0000000008004b06                prvTraceGetQueueNumber
 .text.prvTraceGetQueueType
                0x0000000008004b1e       0x18 ./Middlewares/Third_Party/TraceRecorder/trcKernelPort.o
                0x0000000008004b1e                prvTraceGetQueueType
 .text.prvTraceGetTaskNumberLow16
                0x0000000008004b36       0x1a ./Middlewares/Third_Party/TraceRecorder/trcKernelPort.o
                0x0000000008004b36                prvTraceGetTaskNumberLow16
 .text.prvTraceGetTaskNumberHigh16
                0x0000000008004b50       0x1c ./Middlewares/Third_Party/TraceRecorder/trcKernelPort.o
                0x0000000008004b50                prvTraceGetTaskNumberHigh16
 .text.prvTraceSetTaskNumberLow16
                0x0000000008004b6c       0x2c ./Middlewares/Third_Party/TraceRecorder/trcKernelPort.o
                0x0000000008004b6c                prvTraceSetTaskNumberLow16
 .text.prvTraceSetTaskNumberHigh16
                0x0000000008004b98       0x2c ./Middlewares/Third_Party/TraceRecorder/trcKernelPort.o
                0x0000000008004b98                prvTraceSetTaskNumberHigh16
 .text.prvTraceGetQueueNumberLow16
                0x0000000008004bc4       0x1a ./Middlewares/Third_Party/TraceRecorder/trcKernelPort.o
                0x0000000008004bc4                prvTraceGetQueueNumberLow16
 .text.prvTraceGetQueueNumberHigh16
                0x0000000008004bde       0x1c ./Middlewares/Third_Party/TraceRecorder/trcKernelPort.o
                0x0000000008004bde                prvTraceGetQueueNumberHigh16
 .text.prvTraceSetQueueNumberLow16
                0x0000000008004bfa       0x2c ./Middlewares/Third_Party/TraceRecorder/trcKernelPort.o
                0x0000000008004bfa                prvTraceSetQueueNumberLow16
 .text.prvTraceSetQueueNumberHigh16
                0x0000000008004c26       0x2c ./Middlewares/Third_Party/TraceRecorder/trcKernelPort.o
                0x0000000008004c26                prvTraceSetQueueNumberHigh16
 .text.prvTraceGetCurrentTaskHandle
                0x0000000008004c52        0xe ./Middlewares/Third_Party/TraceRecorder/trcKernelPort.o
                0x0000000008004c52                prvTraceGetCurrentTaskHandle
 .text.vTraceInitObjectPropertyTable
                0x0000000008004c60      0x198 ./Middlewares/Third_Party/TraceRecorder/trcKernelPort.o
                0x0000000008004c60                vTraceInitObjectPropertyTable
 .text.vTraceInitObjectHandleStack
                0x0000000008004df8       0xc4 ./Middlewares/Third_Party/TraceRecorder/trcKernelPort.o
                0x0000000008004df8                vTraceInitObjectHandleStack
 .text.pszTraceGetErrorNotEnoughHandles
                0x0000000008004ebc       0x94 ./Middlewares/Third_Party/TraceRecorder/trcKernelPort.o
                0x0000000008004ebc                pszTraceGetErrorNotEnoughHandles
 .text.vTraceEnable
                0x0000000008004f50       0x44 ./Middlewares/Third_Party/TraceRecorder/trcSnapshotRecorder.o
                0x0000000008004f50                vTraceEnable
 .text.uiTraceStart
                0x0000000008004f94       0xe0 ./Middlewares/Third_Party/TraceRecorder/trcSnapshotRecorder.o
                0x0000000008004f94                uiTraceStart
 .text.vTraceStart
                0x0000000008005074        0xc ./Middlewares/Third_Party/TraceRecorder/trcSnapshotRecorder.o
                0x0000000008005074                vTraceStart
 .text.vTraceStop
                0x0000000008005080       0x30 ./Middlewares/Third_Party/TraceRecorder/trcSnapshotRecorder.o
                0x0000000008005080                vTraceStop
 .text.prvTraceStoreTaskReady
                0x00000000080050b0       0xc8 ./Middlewares/Third_Party/TraceRecorder/trcSnapshotRecorder.o
                0x00000000080050b0                prvTraceStoreTaskReady
 .text.vTraceStoreMemMangEvent
                0x0000000008005178      0x11c ./Middlewares/Third_Party/TraceRecorder/trcSnapshotRecorder.o
                0x0000000008005178                vTraceStoreMemMangEvent
 .text.prvTraceStoreKernelCall
                0x0000000008005294       0xfc ./Middlewares/Third_Party/TraceRecorder/trcSnapshotRecorder.o
                0x0000000008005294                prvTraceStoreKernelCall
 .text.prvTraceStoreKernelCallWithParam
                0x0000000008005390      0x114 ./Middlewares/Third_Party/TraceRecorder/trcSnapshotRecorder.o
                0x0000000008005390                prvTraceStoreKernelCallWithParam
 .text.prvTraceGetParam
                0x00000000080054a4       0x78 ./Middlewares/Third_Party/TraceRecorder/trcSnapshotRecorder.o
 .text.prvTraceStoreKernelCallWithNumericParamOnly
                0x000000000800551c       0xcc ./Middlewares/Third_Party/TraceRecorder/trcSnapshotRecorder.o
                0x000000000800551c                prvTraceStoreKernelCallWithNumericParamOnly
 .text.prvTraceStoreTaskswitch
                0x00000000080055e8       0xe4 ./Middlewares/Third_Party/TraceRecorder/trcSnapshotRecorder.o
                0x00000000080055e8                prvTraceStoreTaskswitch
 .text.prvTraceSetPriorityProperty
                0x00000000080056cc       0x78 ./Middlewares/Third_Party/TraceRecorder/trcSnapshotRecorder.o
                0x00000000080056cc                prvTraceSetPriorityProperty
 .text.prvTraceGetPriorityProperty
                0x0000000008005744       0x7c ./Middlewares/Third_Party/TraceRecorder/trcSnapshotRecorder.o
                0x0000000008005744                prvTraceGetPriorityProperty
 .text.prvTraceSetObjectState
                0x00000000080057c0       0x78 ./Middlewares/Third_Party/TraceRecorder/trcSnapshotRecorder.o
                0x00000000080057c0                prvTraceSetObjectState
 .text.prvTraceGetObjectState
                0x0000000008005838       0x78 ./Middlewares/Third_Party/TraceRecorder/trcSnapshotRecorder.o
 .text.prvTraceSetTaskInstanceFinished
                0x00000000080058b0       0x54 ./Middlewares/Third_Party/TraceRecorder/trcSnapshotRecorder.o
                0x00000000080058b0                prvTraceSetTaskInstanceFinished
 .text.prvTraceInitTraceData
                0x0000000008005904      0x22c ./Middlewares/Third_Party/TraceRecorder/trcSnapshotRecorder.o
 .text.prvTraceNextFreeEventBufferSlot
                0x0000000008005b30       0x48 ./Middlewares/Third_Party/TraceRecorder/trcSnapshotRecorder.o
 .text.uiIndexOfObject
                0x0000000008005b78       0xb0 ./Middlewares/Third_Party/TraceRecorder/trcSnapshotRecorder.o
                0x0000000008005b78                uiIndexOfObject
 .text.prvTraceGetObjectHandle
                0x0000000008005c28      0x15c ./Middlewares/Third_Party/TraceRecorder/trcSnapshotRecorder.o
                0x0000000008005c28                prvTraceGetObjectHandle
 .text.prvMarkObjectAsUsed
                0x0000000008005d84       0x3c ./Middlewares/Third_Party/TraceRecorder/trcSnapshotRecorder.o
                0x0000000008005d84                prvMarkObjectAsUsed
 .text.prvStrncpy
                0x0000000008005dc0       0x4a ./Middlewares/Third_Party/TraceRecorder/trcSnapshotRecorder.o
 *fill*         0x0000000008005e0a        0x2 
 .text.prvTraceSetObjectName
                0x0000000008005e0c       0xbc ./Middlewares/Third_Party/TraceRecorder/trcSnapshotRecorder.o
                0x0000000008005e0c                prvTraceSetObjectName
 .text.prvTraceError
                0x0000000008005ec8       0x58 ./Middlewares/Third_Party/TraceRecorder/trcSnapshotRecorder.o
                0x0000000008005ec8                prvTraceError
 .text.prvCheckDataToBeOverwrittenForMultiEntryEvents
                0x0000000008005f20      0x114 ./Middlewares/Third_Party/TraceRecorder/trcSnapshotRecorder.o
 .text.prvTraceUpdateCounters
                0x0000000008006034       0x50 ./Middlewares/Third_Party/TraceRecorder/trcSnapshotRecorder.o
 .text.prvTraceGetDTS
                0x0000000008006084      0x1b0 ./Middlewares/Third_Party/TraceRecorder/trcSnapshotRecorder.o
 .text.prvTraceInitCortexM
                0x0000000008006234       0x70 ./Middlewares/Third_Party/TraceRecorder/trcSnapshotRecorder.o
                0x0000000008006234                prvTraceInitCortexM
 .text.prvTracePortGetTimeStamp
                0x00000000080062a4       0x94 ./Middlewares/Third_Party/TraceRecorder/trcSnapshotRecorder.o
                0x00000000080062a4                prvTracePortGetTimeStamp
 .text.MX_FREERTOS_Init
                0x0000000008006338       0x84 ./Src/freertos.o
                0x0000000008006338                MX_FREERTOS_Init
 .text.task1Fn  0x00000000080063bc       0x3c ./Src/freertos.o
                0x00000000080063bc                task1Fn
 .text.task2Fn  0x00000000080063f8       0x28 ./Src/freertos.o
                0x00000000080063f8                task2Fn
 .text.task3Fn  0x0000000008006420       0x1c ./Src/freertos.o
                0x0000000008006420                task3Fn
 .text.MX_GPIO_Init
                0x000000000800643c       0x9c ./Src/gpio.o
                0x000000000800643c                MX_GPIO_Init
 .text.main     0x00000000080064d8       0x30 ./Src/main.o
                0x00000000080064d8                main
 .text.SystemClock_Config
                0x0000000008006508       0x8c ./Src/main.o
                0x0000000008006508                SystemClock_Config
 .text.HAL_TIM_PeriodElapsedCallback
                0x0000000008006594       0x24 ./Src/main.o
                0x0000000008006594                HAL_TIM_PeriodElapsedCallback
 .text.Error_Handler
                0x00000000080065b8        0xa ./Src/main.o
                0x00000000080065b8                Error_Handler
 *fill*         0x00000000080065c2        0x2 
 .text.HAL_MspInit
                0x00000000080065c4       0x68 ./Src/stm32l1xx_hal_msp.o
                0x00000000080065c4                HAL_MspInit
 .text.HAL_InitTick
                0x000000000800662c       0xf4 ./Src/stm32l1xx_hal_timebase_tim.o
                0x000000000800662c                HAL_InitTick
 .text.NMI_Handler
                0x0000000008006720        0x6 ./Src/stm32l1xx_it.o
                0x0000000008006720                NMI_Handler
 .text.HardFault_Handler
                0x0000000008006726        0x6 ./Src/stm32l1xx_it.o
                0x0000000008006726                HardFault_Handler
 .text.MemManage_Handler
                0x000000000800672c        0x6 ./Src/stm32l1xx_it.o
                0x000000000800672c                MemManage_Handler
 .text.BusFault_Handler
                0x0000000008006732        0x6 ./Src/stm32l1xx_it.o
                0x0000000008006732                BusFault_Handler
 .text.UsageFault_Handler
                0x0000000008006738        0x6 ./Src/stm32l1xx_it.o
                0x0000000008006738                UsageFault_Handler
 .text.DebugMon_Handler
                0x000000000800673e        0xc ./Src/stm32l1xx_it.o
                0x000000000800673e                DebugMon_Handler
 *fill*         0x000000000800674a        0x2 
 .text.TIM7_IRQHandler
                0x000000000800674c       0x14 ./Src/stm32l1xx_it.o
                0x000000000800674c                TIM7_IRQHandler
 .text.SystemInit
                0x0000000008006760        0xc ./Src/system_stm32l1xx.o
                0x0000000008006760                SystemInit
 .text.Reset_Handler
                0x000000000800676c       0x48 ./Startup/startup_stm32l152retx.o
                0x000000000800676c                Reset_Handler
 .text.Default_Handler
                0x00000000080067b4        0x2 ./Startup/startup_stm32l152retx.o
                0x00000000080067b4                RTC_Alarm_IRQHandler
                0x00000000080067b4                EXTI2_IRQHandler
                0x00000000080067b4                COMP_ACQ_IRQHandler
                0x00000000080067b4                TIM10_IRQHandler
                0x00000000080067b4                USB_HP_IRQHandler
                0x00000000080067b4                TIM6_IRQHandler
                0x00000000080067b4                PVD_IRQHandler
                0x00000000080067b4                EXTI3_IRQHandler
                0x00000000080067b4                EXTI0_IRQHandler
                0x00000000080067b4                I2C2_EV_IRQHandler
                0x00000000080067b4                SPI1_IRQHandler
                0x00000000080067b4                USB_FS_WKUP_IRQHandler
                0x00000000080067b4                DMA2_Channel2_IRQHandler
                0x00000000080067b4                DMA1_Channel4_IRQHandler
                0x00000000080067b4                ADC1_IRQHandler
                0x00000000080067b4                USART3_IRQHandler
                0x00000000080067b4                DMA1_Channel7_IRQHandler
                0x00000000080067b4                LCD_IRQHandler
                0x00000000080067b4                UART5_IRQHandler
                0x00000000080067b4                TIM4_IRQHandler
                0x00000000080067b4                DMA2_Channel1_IRQHandler
                0x00000000080067b4                I2C1_EV_IRQHandler
                0x00000000080067b4                DMA1_Channel6_IRQHandler
                0x00000000080067b4                UART4_IRQHandler
                0x00000000080067b4                DMA2_Channel4_IRQHandler
                0x00000000080067b4                TIM3_IRQHandler
                0x00000000080067b4                RCC_IRQHandler
                0x00000000080067b4                DMA1_Channel1_IRQHandler
                0x00000000080067b4                Default_Handler
                0x00000000080067b4                EXTI15_10_IRQHandler
                0x00000000080067b4                TIM5_IRQHandler
                0x00000000080067b4                EXTI9_5_IRQHandler
                0x00000000080067b4                TIM9_IRQHandler
                0x00000000080067b4                TAMPER_STAMP_IRQHandler
                0x00000000080067b4                RTC_WKUP_IRQHandler
                0x00000000080067b4                SPI2_IRQHandler
                0x00000000080067b4                DMA2_Channel5_IRQHandler
                0x00000000080067b4                DMA1_Channel5_IRQHandler
                0x00000000080067b4                USB_LP_IRQHandler
                0x00000000080067b4                EXTI4_IRQHandler
                0x00000000080067b4                DMA1_Channel3_IRQHandler
                0x00000000080067b4                COMP_IRQHandler
                0x00000000080067b4                WWDG_IRQHandler
                0x00000000080067b4                TIM2_IRQHandler
                0x00000000080067b4                DAC_IRQHandler
                0x00000000080067b4                EXTI1_IRQHandler
                0x00000000080067b4                TIM11_IRQHandler
                0x00000000080067b4                I2C2_ER_IRQHandler
                0x00000000080067b4                DMA1_Channel2_IRQHandler
                0x00000000080067b4                FLASH_IRQHandler
                0x00000000080067b4                USART1_IRQHandler
                0x00000000080067b4                SPI3_IRQHandler
                0x00000000080067b4                I2C1_ER_IRQHandler
                0x00000000080067b4                DMA2_Channel3_IRQHandler
 *fill*         0x00000000080067b6        0x2 
 .text.__libc_init_array
                0x00000000080067b8       0x48 c:/st/stm32cubeide/plugins/com.st.stm32cube.ide.mcu.externaltools.gnu-tools-for-stm32.10.3-2021.10.win32_1.0.0.202111181127/tools/bin/../lib/gcc/arm-none-eabi/10.3.1/../../../../arm-none-eabi/lib/thumb/v7-m/nofp\libc_nano.a(lib_a-init.o)
                0x00000000080067b8                __libc_init_array
 .text.memcpy   0x0000000008006800       0x1c c:/st/stm32cubeide/plugins/com.st.stm32cube.ide.mcu.externaltools.gnu-tools-for-stm32.10.3-2021.10.win32_1.0.0.202111181127/tools/bin/../lib/gcc/arm-none-eabi/10.3.1/../../../../arm-none-eabi/lib/thumb/v7-m/nofp\libc_nano.a(lib_a-memcpy-stub.o)
                0x0000000008006800                memcpy
 .text.memset   0x000000000800681c       0x10 c:/st/stm32cubeide/plugins/com.st.stm32cube.ide.mcu.externaltools.gnu-tools-for-stm32.10.3-2021.10.win32_1.0.0.202111181127/tools/bin/../lib/gcc/arm-none-eabi/10.3.1/../../../../arm-none-eabi/lib/thumb/v7-m/nofp\libc_nano.a(lib_a-memset.o)
                0x000000000800681c                memset
 *(.glue_7)
 .glue_7        0x000000000800682c        0x0 linker stubs
 *(.glue_7t)
 .glue_7t       0x000000000800682c        0x0 linker stubs
 *(.eh_frame)
 .eh_frame      0x000000000800682c        0x0 c:/st/stm32cubeide/plugins/com.st.stm32cube.ide.mcu.externaltools.gnu-tools-for-stm32.10.3-2021.10.win32_1.0.0.202111181127/tools/bin/../lib/gcc/arm-none-eabi/10.3.1/thumb/v7-m/nofp/crtbegin.o
 *(.init)
 .init          0x000000000800682c        0x4 c:/st/stm32cubeide/plugins/com.st.stm32cube.ide.mcu.externaltools.gnu-tools-for-stm32.10.3-2021.10.win32_1.0.0.202111181127/tools/bin/../lib/gcc/arm-none-eabi/10.3.1/thumb/v7-m/nofp/crti.o
                0x000000000800682c                _init
 .init          0x0000000008006830        0x8 c:/st/stm32cubeide/plugins/com.st.stm32cube.ide.mcu.externaltools.gnu-tools-for-stm32.10.3-2021.10.win32_1.0.0.202111181127/tools/bin/../lib/gcc/arm-none-eabi/10.3.1/thumb/v7-m/nofp/crtn.o
 *(.fini)
 .fini          0x0000000008006838        0x4 c:/st/stm32cubeide/plugins/com.st.stm32cube.ide.mcu.externaltools.gnu-tools-for-stm32.10.3-2021.10.win32_1.0.0.202111181127/tools/bin/../lib/gcc/arm-none-eabi/10.3.1/thumb/v7-m/nofp/crti.o
                0x0000000008006838                _fini
 .fini          0x000000000800683c        0x8 c:/st/stm32cubeide/plugins/com.st.stm32cube.ide.mcu.externaltools.gnu-tools-for-stm32.10.3-2021.10.win32_1.0.0.202111181127/tools/bin/../lib/gcc/arm-none-eabi/10.3.1/thumb/v7-m/nofp/crtn.o
                0x0000000008006844                . = ALIGN (0x4)
                0x0000000008006844                _etext = .

.vfp11_veneer   0x0000000008006844        0x0
 .vfp11_veneer  0x0000000008006844        0x0 linker stubs

.v4_bx          0x0000000008006844        0x0
 .v4_bx         0x0000000008006844        0x0 linker stubs

.iplt           0x0000000008006844        0x0
 .iplt          0x0000000008006844        0x0 c:/st/stm32cubeide/plugins/com.st.stm32cube.ide.mcu.externaltools.gnu-tools-for-stm32.10.3-2021.10.win32_1.0.0.202111181127/tools/bin/../lib/gcc/arm-none-eabi/10.3.1/thumb/v7-m/nofp/crtbegin.o

.rodata         0x0000000008006844     0x1448
                0x0000000008006844                . = ALIGN (0x4)
 *(.rodata)
 .rodata        0x0000000008006844        0x5 ./Middlewares/Third_Party/FreeRTOS/Source/tasks.o
 *fill*         0x0000000008006849        0x3 
 .rodata        0x000000000800684c      0x2fe ./Middlewares/Third_Party/TraceRecorder/trcKernelPort.o
 *fill*         0x0000000008006b4a        0x2 
 .rodata        0x0000000008006b4c      0xff4 ./Middlewares/Third_Party/TraceRecorder/trcSnapshotRecorder.o
 .rodata        0x0000000008007b40       0xb7 ./Src/freertos.o
 *fill*         0x0000000008007bf7        0x1 
 .rodata        0x0000000008007bf8        0xd ./Src/main.o
 *(.rodata*)
 *fill*         0x0000000008007c05        0x3 
 .rodata.PLLMulTable
                0x0000000008007c08        0x9 ./Src/system_stm32l1xx.o
                0x0000000008007c08                PLLMulTable
 *fill*         0x0000000008007c11        0x3 
 .rodata.AHBPrescTable
                0x0000000008007c14       0x10 ./Src/system_stm32l1xx.o
                0x0000000008007c14                AHBPrescTable
 .rodata.APBPrescTable
                0x0000000008007c24        0x8 ./Src/system_stm32l1xx.o
                0x0000000008007c24                APBPrescTable
 .rodata.__sf_fake_stderr
                0x0000000008007c2c       0x20 c:/st/stm32cubeide/plugins/com.st.stm32cube.ide.mcu.externaltools.gnu-tools-for-stm32.10.3-2021.10.win32_1.0.0.202111181127/tools/bin/../lib/gcc/arm-none-eabi/10.3.1/../../../../arm-none-eabi/lib/thumb/v7-m/nofp\libc_nano.a(lib_a-findfp.o)
                0x0000000008007c2c                __sf_fake_stderr
 .rodata.__sf_fake_stdin
                0x0000000008007c4c       0x20 c:/st/stm32cubeide/plugins/com.st.stm32cube.ide.mcu.externaltools.gnu-tools-for-stm32.10.3-2021.10.win32_1.0.0.202111181127/tools/bin/../lib/gcc/arm-none-eabi/10.3.1/../../../../arm-none-eabi/lib/thumb/v7-m/nofp\libc_nano.a(lib_a-findfp.o)
                0x0000000008007c4c                __sf_fake_stdin
 .rodata.__sf_fake_stdout
                0x0000000008007c6c       0x20 c:/st/stm32cubeide/plugins/com.st.stm32cube.ide.mcu.externaltools.gnu-tools-for-stm32.10.3-2021.10.win32_1.0.0.202111181127/tools/bin/../lib/gcc/arm-none-eabi/10.3.1/../../../../arm-none-eabi/lib/thumb/v7-m/nofp\libc_nano.a(lib_a-findfp.o)
                0x0000000008007c6c                __sf_fake_stdout
                0x0000000008007c8c                . = ALIGN (0x4)

.ARM.extab      0x0000000008007c8c        0x0
                0x0000000008007c8c                . = ALIGN (0x4)
 *(.ARM.extab* .gnu.linkonce.armextab.*)
                0x0000000008007c8c                . = ALIGN (0x4)

.ARM            0x0000000008007c8c        0x8
                0x0000000008007c8c                . = ALIGN (0x4)
                0x0000000008007c8c                __exidx_start = .
 *(.ARM.exidx*)
 .ARM.exidx     0x0000000008007c8c        0x8 c:/st/stm32cubeide/plugins/com.st.stm32cube.ide.mcu.externaltools.gnu-tools-for-stm32.10.3-2021.10.win32_1.0.0.202111181127/tools/bin/../lib/gcc/arm-none-eabi/10.3.1/thumb/v7-m/nofp\libgcc.a(_udivmoddi4.o)
                0x0000000008007c94                __exidx_end = .
                0x0000000008007c94                . = ALIGN (0x4)

.rel.dyn        0x0000000008007c94        0x0
 .rel.iplt      0x0000000008007c94        0x0 c:/st/stm32cubeide/plugins/com.st.stm32cube.ide.mcu.externaltools.gnu-tools-for-stm32.10.3-2021.10.win32_1.0.0.202111181127/tools/bin/../lib/gcc/arm-none-eabi/10.3.1/thumb/v7-m/nofp/crtbegin.o

.preinit_array  0x0000000008007c94        0x0
                0x0000000008007c94                . = ALIGN (0x4)
                0x0000000008007c94                PROVIDE (__preinit_array_start = .)
 *(.preinit_array*)
                0x0000000008007c94                PROVIDE (__preinit_array_end = .)
                0x0000000008007c94                . = ALIGN (0x4)

.init_array     0x0000000008007c94        0x4
                0x0000000008007c94                . = ALIGN (0x4)
                0x0000000008007c94                PROVIDE (__init_array_start = .)
 *(SORT_BY_NAME(.init_array.*))
 *(.init_array*)
 .init_array    0x0000000008007c94        0x4 c:/st/stm32cubeide/plugins/com.st.stm32cube.ide.mcu.externaltools.gnu-tools-for-stm32.10.3-2021.10.win32_1.0.0.202111181127/tools/bin/../lib/gcc/arm-none-eabi/10.3.1/thumb/v7-m/nofp/crtbegin.o
                0x0000000008007c98                PROVIDE (__init_array_end = .)
                0x0000000008007c98                . = ALIGN (0x4)

.fini_array     0x0000000008007c98        0x4
                0x0000000008007c98                . = ALIGN (0x4)
                [!provide]                        PROVIDE (__fini_array_start = .)
 *(SORT_BY_NAME(.fini_array.*))
 *(.fini_array*)
 .fini_array    0x0000000008007c98        0x4 c:/st/stm32cubeide/plugins/com.st.stm32cube.ide.mcu.externaltools.gnu-tools-for-stm32.10.3-2021.10.win32_1.0.0.202111181127/tools/bin/../lib/gcc/arm-none-eabi/10.3.1/thumb/v7-m/nofp/crtbegin.o
                [!provide]                        PROVIDE (__fini_array_end = .)
                0x0000000008007c9c                . = ALIGN (0x4)
                0x0000000008007c9c                _sidata = LOADADDR (.data)

.data           0x0000000020000000       0x84 load address 0x0000000008007c9c
                0x0000000020000000                . = ALIGN (0x4)
                0x0000000020000000                _sdata = .
 *(.data)
 *(.data*)
 .data.uwTickPrio
                0x0000000020000000        0x4 ./Drivers/STM32L1xx_HAL_Driver/Src/stm32l1xx_hal.o
                0x0000000020000000                uwTickPrio
 .data.uwTickFreq
                0x0000000020000004        0x4 ./Drivers/STM32L1xx_HAL_Driver/Src/stm32l1xx_hal.o
                0x0000000020000004                uwTickFreq
 .data.uxCriticalNesting
                0x0000000020000008        0x4 ./Middlewares/Third_Party/FreeRTOS/Source/portable/GCC/ARM_CM3/port.o
 .data.TraceQueueClassTable
                0x000000002000000c        0x5 ./Middlewares/Third_Party/TraceRecorder/trcKernelPort.o
                0x000000002000000c                TraceQueueClassTable
 *fill*         0x0000000020000011        0x3 
 .data.readyEventsEnabled
                0x0000000020000014        0x4 ./Middlewares/Third_Party/TraceRecorder/trcSnapshotRecorder.o
 .data.CurrentFilterMask
                0x0000000020000018        0x2 ./Middlewares/Third_Party/TraceRecorder/trcSnapshotRecorder.o
                0x0000000020000018                CurrentFilterMask
 .data.CurrentFilterGroup
                0x000000002000001a        0x2 ./Middlewares/Third_Party/TraceRecorder/trcSnapshotRecorder.o
                0x000000002000001a                CurrentFilterGroup
 .data.SystemCoreClock
                0x000000002000001c        0x4 ./Src/system_stm32l1xx.o
                0x000000002000001c                SystemCoreClock
 .data._impure_ptr
                0x0000000020000020        0x4 c:/st/stm32cubeide/plugins/com.st.stm32cube.ide.mcu.externaltools.gnu-tools-for-stm32.10.3-2021.10.win32_1.0.0.202111181127/tools/bin/../lib/gcc/arm-none-eabi/10.3.1/../../../../arm-none-eabi/lib/thumb/v7-m/nofp\libc_nano.a(lib_a-impure.o)
                0x0000000020000020                _impure_ptr
 .data.impure_data
                0x0000000020000024       0x60 c:/st/stm32cubeide/plugins/com.st.stm32cube.ide.mcu.externaltools.gnu-tools-for-stm32.10.3-2021.10.win32_1.0.0.202111181127/tools/bin/../lib/gcc/arm-none-eabi/10.3.1/../../../../arm-none-eabi/lib/thumb/v7-m/nofp\libc_nano.a(lib_a-impure.o)
 *(.RamFunc)
 *(.RamFunc*)
                0x0000000020000084                . = ALIGN (0x4)
                0x0000000020000084                _edata = .

.igot.plt       0x0000000020000084        0x0 load address 0x0000000008007d20
 .igot.plt      0x0000000020000084        0x0 c:/st/stm32cubeide/plugins/com.st.stm32cube.ide.mcu.externaltools.gnu-tools-for-stm32.10.3-2021.10.win32_1.0.0.202111181127/tools/bin/../lib/gcc/arm-none-eabi/10.3.1/thumb/v7-m/nofp/crtbegin.o
                0x0000000020000084                . = ALIGN (0x4)

.bss            0x0000000020000084     0x3c80 load address 0x0000000008007d20
                0x0000000020000084                _sbss = .
                0x0000000020000084                __bss_start__ = _sbss
 *(.bss)
 .bss           0x0000000020000084       0x1c c:/st/stm32cubeide/plugins/com.st.stm32cube.ide.mcu.externaltools.gnu-tools-for-stm32.10.3-2021.10.win32_1.0.0.202111181127/tools/bin/../lib/gcc/arm-none-eabi/10.3.1/thumb/v7-m/nofp/crtbegin.o
 *(.bss*)
 .bss.uartRxCircBuff
                0x00000000200000a0      0x10c ./Drivers/MeSN/UART/mesn_uart.o
 .bss.uwTick    0x00000000200001ac        0x4 ./Drivers/STM32L1xx_HAL_Driver/Src/stm32l1xx_hal.o
                0x00000000200001ac                uwTick
 .bss.pxCurrentTCB
                0x00000000200001b0        0x4 ./Middlewares/Third_Party/FreeRTOS/Source/tasks.o
                0x00000000200001b0                pxCurrentTCB
 .bss.pxReadyTasksLists
                0x00000000200001b4       0x8c ./Middlewares/Third_Party/FreeRTOS/Source/tasks.o
 .bss.xDelayedTaskList1
                0x0000000020000240       0x14 ./Middlewares/Third_Party/FreeRTOS/Source/tasks.o
 .bss.xDelayedTaskList2
                0x0000000020000254       0x14 ./Middlewares/Third_Party/FreeRTOS/Source/tasks.o
 .bss.pxDelayedTaskList
                0x0000000020000268        0x4 ./Middlewares/Third_Party/FreeRTOS/Source/tasks.o
 .bss.pxOverflowDelayedTaskList
                0x000000002000026c        0x4 ./Middlewares/Third_Party/FreeRTOS/Source/tasks.o
 .bss.xPendingReadyList
                0x0000000020000270       0x14 ./Middlewares/Third_Party/FreeRTOS/Source/tasks.o
 .bss.xSuspendedTaskList
                0x0000000020000284       0x14 ./Middlewares/Third_Party/FreeRTOS/Source/tasks.o
 .bss.uxCurrentNumberOfTasks
                0x0000000020000298        0x4 ./Middlewares/Third_Party/FreeRTOS/Source/tasks.o
 .bss.xTickCount
                0x000000002000029c        0x4 ./Middlewares/Third_Party/FreeRTOS/Source/tasks.o
 .bss.uxTopReadyPriority
                0x00000000200002a0        0x4 ./Middlewares/Third_Party/FreeRTOS/Source/tasks.o
 .bss.xSchedulerRunning
                0x00000000200002a4        0x4 ./Middlewares/Third_Party/FreeRTOS/Source/tasks.o
 .bss.uxPendedTicks
                0x00000000200002a8        0x4 ./Middlewares/Third_Party/FreeRTOS/Source/tasks.o
 .bss.xYieldPending
                0x00000000200002ac        0x4 ./Middlewares/Third_Party/FreeRTOS/Source/tasks.o
 .bss.xNumOfOverflows
                0x00000000200002b0        0x4 ./Middlewares/Third_Party/FreeRTOS/Source/tasks.o
 .bss.uxTaskNumber
                0x00000000200002b4        0x4 ./Middlewares/Third_Party/FreeRTOS/Source/tasks.o
 .bss.xNextTaskUnblockTime
                0x00000000200002b8        0x4 ./Middlewares/Third_Party/FreeRTOS/Source/tasks.o
 .bss.xIdleTaskHandle
                0x00000000200002bc        0x4 ./Middlewares/Third_Party/FreeRTOS/Source/tasks.o
 .bss.uxSchedulerSuspended
                0x00000000200002c0        0x4 ./Middlewares/Third_Party/FreeRTOS/Source/tasks.o
 .bss.ucMaxSysCallPriority
                0x00000000200002c4        0x1 ./Middlewares/Third_Party/FreeRTOS/Source/portable/GCC/ARM_CM3/port.o
 *fill*         0x00000000200002c5        0x3 
 .bss.ulMaxPRIGROUPValue
                0x00000000200002c8        0x4 ./Middlewares/Third_Party/FreeRTOS/Source/portable/GCC/ARM_CM3/port.o
 .bss.ucHeap    0x00000000200002cc     0x2000 ./Middlewares/Third_Party/FreeRTOS/Source/portable/MemMang/heap_1.o
 .bss.xNextFreeByte
                0x00000000200022cc        0x4 ./Middlewares/Third_Party/FreeRTOS/Source/portable/MemMang/heap_1.o
 .bss.pucAlignedHeap.0
                0x00000000200022d0        0x4 ./Middlewares/Third_Party/FreeRTOS/Source/portable/MemMang/heap_1.o
 .bss.isPendingContextSwitch
                0x00000000200022d4        0x4 ./Middlewares/Third_Party/TraceRecorder/trcSnapshotRecorder.o
                0x00000000200022d4                isPendingContextSwitch
 .bss.uiTraceTickCount
                0x00000000200022d8        0x4 ./Middlewares/Third_Party/TraceRecorder/trcSnapshotRecorder.o
                0x00000000200022d8                uiTraceTickCount
 .bss.trace_disable_timestamp
                0x00000000200022dc        0x4 ./Middlewares/Third_Party/TraceRecorder/trcSnapshotRecorder.o
                0x00000000200022dc                trace_disable_timestamp
 .bss.last_timestamp
                0x00000000200022e0        0x4 ./Middlewares/Third_Party/TraceRecorder/trcSnapshotRecorder.o
 .bss.recorder_busy
                0x00000000200022e4        0x4 ./Middlewares/Third_Party/TraceRecorder/trcSnapshotRecorder.o
                0x00000000200022e4                recorder_busy
 .bss.timestampFrequency
                0x00000000200022e8        0x4 ./Middlewares/Third_Party/TraceRecorder/trcSnapshotRecorder.o
                0x00000000200022e8                timestampFrequency
 .bss.traceErrorMessage
                0x00000000200022ec        0x4 ./Middlewares/Third_Party/TraceRecorder/trcSnapshotRecorder.o
                0x00000000200022ec                traceErrorMessage
 .bss.handle_of_last_logged_task
                0x00000000200022f0        0x1 ./Middlewares/Third_Party/TraceRecorder/trcSnapshotRecorder.o
                0x00000000200022f0                handle_of_last_logged_task
 *fill*         0x00000000200022f1        0x3 
 .bss.vTraceStopHookPtr
                0x00000000200022f4        0x4 ./Middlewares/Third_Party/TraceRecorder/trcSnapshotRecorder.o
                0x00000000200022f4                vTraceStopHookPtr
 .bss.heapMemUsage
                0x00000000200022f8        0x4 ./Middlewares/Third_Party/TraceRecorder/trcSnapshotRecorder.o
 .bss.objectHandleStacks
                0x00000000200022fc       0x8e ./Middlewares/Third_Party/TraceRecorder/trcSnapshotRecorder.o
                0x00000000200022fc                objectHandleStacks
 *fill*         0x000000002000238a        0x2 
 .bss.init_hwtc_count
                0x000000002000238c        0x4 ./Middlewares/Third_Party/TraceRecorder/trcSnapshotRecorder.o
                0x000000002000238c                init_hwtc_count
 .bss.RecorderData
                0x0000000020002390     0x1918 ./Middlewares/Third_Party/TraceRecorder/trcSnapshotRecorder.o
                0x0000000020002390                RecorderData
 .bss.RecorderDataPtr
                0x0000000020003ca8        0x4 ./Middlewares/Third_Party/TraceRecorder/trcSnapshotRecorder.o
                0x0000000020003ca8                RecorderDataPtr
 .bss.indexOfHandle.4
                0x0000000020003cac        0x4 ./Middlewares/Third_Party/TraceRecorder/trcSnapshotRecorder.o
 .bss.idx.3     0x0000000020003cb0        0x2 ./Middlewares/Third_Party/TraceRecorder/trcSnapshotRecorder.o
 *fill*         0x0000000020003cb2        0x2 
 .bss.old_timestamp.2
                0x0000000020003cb4        0x4 ./Middlewares/Third_Party/TraceRecorder/trcSnapshotRecorder.o
 .bss.last_hwtc_count.1
                0x0000000020003cb8        0x4 ./Middlewares/Third_Party/TraceRecorder/trcSnapshotRecorder.o
 .bss.last_hwtc_rest.0
                0x0000000020003cbc        0x4 ./Middlewares/Third_Party/TraceRecorder/trcSnapshotRecorder.o
 .bss.semaphore_1
                0x0000000020003cc0        0x4 ./Src/freertos.o
                0x0000000020003cc0                semaphore_1
 .bss.htim7     0x0000000020003cc4       0x40 ./Src/stm32l1xx_hal_timebase_tim.o
                0x0000000020003cc4                htim7
 *(COMMON)
                0x0000000020003d04                . = ALIGN (0x4)
                0x0000000020003d04                _ebss = .
                0x0000000020003d04                __bss_end__ = _ebss

._user_heap_stack
                0x0000000020003d04      0x604 load address 0x0000000008007d20
                0x0000000020003d08                . = ALIGN (0x8)
 *fill*         0x0000000020003d04        0x4 
                [!provide]                        PROVIDE (end = .)
                0x0000000020003d08                PROVIDE (_end = .)
                0x0000000020003f08                . = (. + _Min_Heap_Size)
 *fill*         0x0000000020003d08      0x200 
                0x0000000020004308                . = (. + _Min_Stack_Size)
 *fill*         0x0000000020003f08      0x400 
                0x0000000020004308                . = ALIGN (0x8)

/DISCARD/
 libc.a(*)
 libm.a(*)
 libgcc.a(*)

.ARM.attributes
                0x0000000000000000       0x29
 *(.ARM.attributes)
 .ARM.attributes
                0x0000000000000000       0x1d c:/st/stm32cubeide/plugins/com.st.stm32cube.ide.mcu.externaltools.gnu-tools-for-stm32.10.3-2021.10.win32_1.0.0.202111181127/tools/bin/../lib/gcc/arm-none-eabi/10.3.1/thumb/v7-m/nofp/crti.o
 .ARM.attributes
                0x000000000000001d       0x2d c:/st/stm32cubeide/plugins/com.st.stm32cube.ide.mcu.externaltools.gnu-tools-for-stm32.10.3-2021.10.win32_1.0.0.202111181127/tools/bin/../lib/gcc/arm-none-eabi/10.3.1/thumb/v7-m/nofp/crtbegin.o
 .ARM.attributes
                0x000000000000004a       0x2d ./Drivers/MeSN/UART/mesn_uart.o
 .ARM.attributes
                0x0000000000000077       0x2d ./Drivers/STM32L1xx_HAL_Driver/Src/stm32l1xx_hal.o
 .ARM.attributes
                0x00000000000000a4       0x2d ./Drivers/STM32L1xx_HAL_Driver/Src/stm32l1xx_hal_cortex.o
 .ARM.attributes
                0x00000000000000d1       0x2d ./Drivers/STM32L1xx_HAL_Driver/Src/stm32l1xx_hal_gpio.o
 .ARM.attributes
                0x00000000000000fe       0x2d ./Drivers/STM32L1xx_HAL_Driver/Src/stm32l1xx_hal_rcc.o
 .ARM.attributes
                0x000000000000012b       0x2d ./Drivers/STM32L1xx_HAL_Driver/Src/stm32l1xx_hal_tim.o
 .ARM.attributes
                0x0000000000000158       0x2d ./Middlewares/Third_Party/FreeRTOS/Source/CMSIS_RTOS/cmsis_os.o
 .ARM.attributes
                0x0000000000000185       0x2d ./Middlewares/Third_Party/FreeRTOS/Source/list.o
 .ARM.attributes
                0x00000000000001b2       0x2d ./Middlewares/Third_Party/FreeRTOS/Source/queue.o
 .ARM.attributes
                0x00000000000001df       0x2d ./Middlewares/Third_Party/FreeRTOS/Source/tasks.o
 .ARM.attributes
                0x000000000000020c       0x2d ./Middlewares/Third_Party/FreeRTOS/Source/portable/GCC/ARM_CM3/port.o
 .ARM.attributes
                0x0000000000000239       0x2d ./Middlewares/Third_Party/FreeRTOS/Source/portable/MemMang/heap_1.o
 .ARM.attributes
                0x0000000000000266       0x2d ./Middlewares/Third_Party/TraceRecorder/trcKernelPort.o
 .ARM.attributes
                0x0000000000000293       0x2d ./Middlewares/Third_Party/TraceRecorder/trcSnapshotRecorder.o
 .ARM.attributes
                0x00000000000002c0       0x2d ./Src/freertos.o
 .ARM.attributes
                0x00000000000002ed       0x2d ./Src/gpio.o
 .ARM.attributes
                0x000000000000031a       0x2d ./Src/main.o
 .ARM.attributes
                0x0000000000000347       0x2d ./Src/stm32l1xx_hal_msp.o
 .ARM.attributes
                0x0000000000000374       0x2d ./Src/stm32l1xx_hal_timebase_tim.o
 .ARM.attributes
                0x00000000000003a1       0x2d ./Src/stm32l1xx_it.o
 .ARM.attributes
                0x00000000000003ce       0x2d ./Src/system_stm32l1xx.o
 .ARM.attributes
                0x00000000000003fb       0x21 ./Startup/startup_stm32l152retx.o
 .ARM.attributes
                0x000000000000041c       0x2d c:/st/stm32cubeide/plugins/com.st.stm32cube.ide.mcu.externaltools.gnu-tools-for-stm32.10.3-2021.10.win32_1.0.0.202111181127/tools/bin/../lib/gcc/arm-none-eabi/10.3.1/../../../../arm-none-eabi/lib/thumb/v7-m/nofp\libc_nano.a(lib_a-findfp.o)
 .ARM.attributes
                0x0000000000000449       0x2d c:/st/stm32cubeide/plugins/com.st.stm32cube.ide.mcu.externaltools.gnu-tools-for-stm32.10.3-2021.10.win32_1.0.0.202111181127/tools/bin/../lib/gcc/arm-none-eabi/10.3.1/../../../../arm-none-eabi/lib/thumb/v7-m/nofp\libc_nano.a(lib_a-impure.o)
 .ARM.attributes
                0x0000000000000476       0x2d c:/st/stm32cubeide/plugins/com.st.stm32cube.ide.mcu.externaltools.gnu-tools-for-stm32.10.3-2021.10.win32_1.0.0.202111181127/tools/bin/../lib/gcc/arm-none-eabi/10.3.1/../../../../arm-none-eabi/lib/thumb/v7-m/nofp\libc_nano.a(lib_a-init.o)
 .ARM.attributes
                0x00000000000004a3       0x2d c:/st/stm32cubeide/plugins/com.st.stm32cube.ide.mcu.externaltools.gnu-tools-for-stm32.10.3-2021.10.win32_1.0.0.202111181127/tools/bin/../lib/gcc/arm-none-eabi/10.3.1/../../../../arm-none-eabi/lib/thumb/v7-m/nofp\libc_nano.a(lib_a-memcpy-stub.o)
 .ARM.attributes
                0x00000000000004d0       0x2d c:/st/stm32cubeide/plugins/com.st.stm32cube.ide.mcu.externaltools.gnu-tools-for-stm32.10.3-2021.10.win32_1.0.0.202111181127/tools/bin/../lib/gcc/arm-none-eabi/10.3.1/../../../../arm-none-eabi/lib/thumb/v7-m/nofp\libc_nano.a(lib_a-memset.o)
 .ARM.attributes
                0x00000000000004fd       0x1d c:/st/stm32cubeide/plugins/com.st.stm32cube.ide.mcu.externaltools.gnu-tools-for-stm32.10.3-2021.10.win32_1.0.0.202111181127/tools/bin/../lib/gcc/arm-none-eabi/10.3.1/thumb/v7-m/nofp\libgcc.a(_aeabi_uldivmod.o)
 .ARM.attributes
                0x000000000000051a       0x2d c:/st/stm32cubeide/plugins/com.st.stm32cube.ide.mcu.externaltools.gnu-tools-for-stm32.10.3-2021.10.win32_1.0.0.202111181127/tools/bin/../lib/gcc/arm-none-eabi/10.3.1/thumb/v7-m/nofp\libgcc.a(_udivmoddi4.o)
 .ARM.attributes
                0x0000000000000547       0x1d c:/st/stm32cubeide/plugins/com.st.stm32cube.ide.mcu.externaltools.gnu-tools-for-stm32.10.3-2021.10.win32_1.0.0.202111181127/tools/bin/../lib/gcc/arm-none-eabi/10.3.1/thumb/v7-m/nofp\libgcc.a(_dvmd_tls.o)
 .ARM.attributes
                0x0000000000000564       0x1d c:/st/stm32cubeide/plugins/com.st.stm32cube.ide.mcu.externaltools.gnu-tools-for-stm32.10.3-2021.10.win32_1.0.0.202111181127/tools/bin/../lib/gcc/arm-none-eabi/10.3.1/thumb/v7-m/nofp/crtn.o
OUTPUT(TP_3_v2.0.elf elf32-littlearm)
LOAD linker stubs
LOAD c:/st/stm32cubeide/plugins/com.st.stm32cube.ide.mcu.externaltools.gnu-tools-for-stm32.10.3-2021.10.win32_1.0.0.202111181127/tools/bin/../lib/gcc/arm-none-eabi/10.3.1/../../../../arm-none-eabi/lib/thumb/v7-m/nofp\libc.a
LOAD c:/st/stm32cubeide/plugins/com.st.stm32cube.ide.mcu.externaltools.gnu-tools-for-stm32.10.3-2021.10.win32_1.0.0.202111181127/tools/bin/../lib/gcc/arm-none-eabi/10.3.1/../../../../arm-none-eabi/lib/thumb/v7-m/nofp\libm.a
LOAD c:/st/stm32cubeide/plugins/com.st.stm32cube.ide.mcu.externaltools.gnu-tools-for-stm32.10.3-2021.10.win32_1.0.0.202111181127/tools/bin/../lib/gcc/arm-none-eabi/10.3.1/thumb/v7-m/nofp\libgcc.a

.debug_info     0x0000000000000000    0x1096e
 .debug_info    0x0000000000000000      0x709 ./Drivers/MeSN/UART/mesn_uart.o
 .debug_info    0x0000000000000709      0x726 ./Drivers/STM32L1xx_HAL_Driver/Src/stm32l1xx_hal.o
 .debug_info    0x0000000000000e2f      0xd85 ./Drivers/STM32L1xx_HAL_Driver/Src/stm32l1xx_hal_cortex.o
 .debug_info    0x0000000000001bb4      0x635 ./Drivers/STM32L1xx_HAL_Driver/Src/stm32l1xx_hal_gpio.o
 .debug_info    0x00000000000021e9      0x9e7 ./Drivers/STM32L1xx_HAL_Driver/Src/stm32l1xx_hal_rcc.o
 .debug_info    0x0000000000002bd0     0x2859 ./Drivers/STM32L1xx_HAL_Driver/Src/stm32l1xx_hal_tim.o
 .debug_info    0x0000000000005429     0x17e1 ./Middlewares/Third_Party/FreeRTOS/Source/CMSIS_RTOS/cmsis_os.o
 .debug_info    0x0000000000006c0a      0x2cb ./Middlewares/Third_Party/FreeRTOS/Source/list.o
 .debug_info    0x0000000000006ed5     0x18e9 ./Middlewares/Third_Party/FreeRTOS/Source/queue.o
 .debug_info    0x00000000000087be     0x27af ./Middlewares/Third_Party/FreeRTOS/Source/tasks.o
 .debug_info    0x000000000000af6d      0x4d0 ./Middlewares/Third_Party/FreeRTOS/Source/portable/GCC/ARM_CM3/port.o
 .debug_info    0x000000000000b43d      0x215 ./Middlewares/Third_Party/FreeRTOS/Source/portable/MemMang/heap_1.o
 .debug_info    0x000000000000b652      0xa1b ./Middlewares/Third_Party/TraceRecorder/trcKernelPort.o
 .debug_info    0x000000000000c06d     0x204a ./Middlewares/Third_Party/TraceRecorder/trcSnapshotRecorder.o
 .debug_info    0x000000000000e0b7      0x492 ./Src/freertos.o
 .debug_info    0x000000000000e549      0x357 ./Src/gpio.o
 .debug_info    0x000000000000e8a0      0x985 ./Src/main.o
 .debug_info    0x000000000000f225      0x38d ./Src/stm32l1xx_hal_msp.o
 .debug_info    0x000000000000f5b2      0xa64 ./Src/stm32l1xx_hal_timebase_tim.o
 .debug_info    0x0000000000010016      0x68f ./Src/stm32l1xx_it.o
 .debug_info    0x00000000000106a5      0x2a7 ./Src/system_stm32l1xx.o
 .debug_info    0x000000000001094c       0x22 ./Startup/startup_stm32l152retx.o

.debug_abbrev   0x0000000000000000     0x2ecc
 .debug_abbrev  0x0000000000000000      0x205 ./Drivers/MeSN/UART/mesn_uart.o
 .debug_abbrev  0x0000000000000205      0x26c ./Drivers/STM32L1xx_HAL_Driver/Src/stm32l1xx_hal.o
 .debug_abbrev  0x0000000000000471      0x316 ./Drivers/STM32L1xx_HAL_Driver/Src/stm32l1xx_hal_cortex.o
 .debug_abbrev  0x0000000000000787      0x1c4 ./Drivers/STM32L1xx_HAL_Driver/Src/stm32l1xx_hal_gpio.o
 .debug_abbrev  0x000000000000094b      0x2b0 ./Drivers/STM32L1xx_HAL_Driver/Src/stm32l1xx_hal_rcc.o
 .debug_abbrev  0x0000000000000bfb      0x248 ./Drivers/STM32L1xx_HAL_Driver/Src/stm32l1xx_hal_tim.o
 .debug_abbrev  0x0000000000000e43      0x39e ./Middlewares/Third_Party/FreeRTOS/Source/CMSIS_RTOS/cmsis_os.o
 .debug_abbrev  0x00000000000011e1       0xf2 ./Middlewares/Third_Party/FreeRTOS/Source/list.o
 .debug_abbrev  0x00000000000012d3      0x3a0 ./Middlewares/Third_Party/FreeRTOS/Source/queue.o
 .debug_abbrev  0x0000000000001673      0x40d ./Middlewares/Third_Party/FreeRTOS/Source/tasks.o
 .debug_abbrev  0x0000000000001a80      0x257 ./Middlewares/Third_Party/FreeRTOS/Source/portable/GCC/ARM_CM3/port.o
 .debug_abbrev  0x0000000000001cd7      0x17f ./Middlewares/Third_Party/FreeRTOS/Source/portable/MemMang/heap_1.o
 .debug_abbrev  0x0000000000001e56      0x216 ./Middlewares/Third_Party/TraceRecorder/trcKernelPort.o
 .debug_abbrev  0x000000000000206c      0x3f0 ./Middlewares/Third_Party/TraceRecorder/trcSnapshotRecorder.o
 .debug_abbrev  0x000000000000245c      0x173 ./Src/freertos.o
 .debug_abbrev  0x00000000000025cf      0x146 ./Src/gpio.o
 .debug_abbrev  0x0000000000002715      0x235 ./Src/main.o
 .debug_abbrev  0x000000000000294a      0x103 ./Src/stm32l1xx_hal_msp.o
 .debug_abbrev  0x0000000000002a4d      0x1e6 ./Src/stm32l1xx_hal_timebase_tim.o
 .debug_abbrev  0x0000000000002c33      0x171 ./Src/stm32l1xx_it.o
 .debug_abbrev  0x0000000000002da4      0x116 ./Src/system_stm32l1xx.o
 .debug_abbrev  0x0000000000002eba       0x12 ./Startup/startup_stm32l152retx.o

.debug_aranges  0x0000000000000000     0x10a8
 .debug_aranges
                0x0000000000000000       0x50 ./Drivers/MeSN/UART/mesn_uart.o
 .debug_aranges
                0x0000000000000050       0xe0 ./Drivers/STM32L1xx_HAL_Driver/Src/stm32l1xx_hal.o
 .debug_aranges
                0x0000000000000130      0x118 ./Drivers/STM32L1xx_HAL_Driver/Src/stm32l1xx_hal_cortex.o
 .debug_aranges
                0x0000000000000248       0x58 ./Drivers/STM32L1xx_HAL_Driver/Src/stm32l1xx_hal_gpio.o
 .debug_aranges
                0x00000000000002a0       0x90 ./Drivers/STM32L1xx_HAL_Driver/Src/stm32l1xx_hal_rcc.o
 .debug_aranges
                0x0000000000000330      0x3d0 ./Drivers/STM32L1xx_HAL_Driver/Src/stm32l1xx_hal_tim.o
 .debug_aranges
                0x0000000000000700      0x1d8 ./Middlewares/Third_Party/FreeRTOS/Source/CMSIS_RTOS/cmsis_os.o
 .debug_aranges
                0x00000000000008d8       0x40 ./Middlewares/Third_Party/FreeRTOS/Source/list.o
 .debug_aranges
                0x0000000000000918      0x118 ./Middlewares/Third_Party/FreeRTOS/Source/queue.o
 .debug_aranges
                0x0000000000000a30      0x1d0 ./Middlewares/Third_Party/FreeRTOS/Source/tasks.o
 .debug_aranges
                0x0000000000000c00       0x78 ./Middlewares/Third_Party/FreeRTOS/Source/portable/GCC/ARM_CM3/port.o
 .debug_aranges
                0x0000000000000c78       0x38 ./Middlewares/Third_Party/FreeRTOS/Source/portable/MemMang/heap_1.o
 .debug_aranges
                0x0000000000000cb0       0xa8 ./Middlewares/Third_Party/TraceRecorder/trcKernelPort.o
 .debug_aranges
                0x0000000000000d58      0x1c8 ./Middlewares/Third_Party/TraceRecorder/trcSnapshotRecorder.o
 .debug_aranges
                0x0000000000000f20       0x40 ./Src/freertos.o
 .debug_aranges
                0x0000000000000f60       0x20 ./Src/gpio.o
 .debug_aranges
                0x0000000000000f80       0x38 ./Src/main.o
 .debug_aranges
                0x0000000000000fb8       0x20 ./Src/stm32l1xx_hal_msp.o
 .debug_aranges
                0x0000000000000fd8       0x30 ./Src/stm32l1xx_hal_timebase_tim.o
 .debug_aranges
                0x0000000000001008       0x50 ./Src/stm32l1xx_it.o
 .debug_aranges
                0x0000000000001058       0x28 ./Src/system_stm32l1xx.o
 .debug_aranges
                0x0000000000001080       0x28 ./Startup/startup_stm32l152retx.o

.debug_ranges   0x0000000000000000      0xf50
 .debug_ranges  0x0000000000000000       0x40 ./Drivers/MeSN/UART/mesn_uart.o
 .debug_ranges  0x0000000000000040       0xd0 ./Drivers/STM32L1xx_HAL_Driver/Src/stm32l1xx_hal.o
 .debug_ranges  0x0000000000000110      0x108 ./Drivers/STM32L1xx_HAL_Driver/Src/stm32l1xx_hal_cortex.o
 .debug_ranges  0x0000000000000218       0x48 ./Drivers/STM32L1xx_HAL_Driver/Src/stm32l1xx_hal_gpio.o
 .debug_ranges  0x0000000000000260       0x80 ./Drivers/STM32L1xx_HAL_Driver/Src/stm32l1xx_hal_rcc.o
 .debug_ranges  0x00000000000002e0      0x3c0 ./Drivers/STM32L1xx_HAL_Driver/Src/stm32l1xx_hal_tim.o
 .debug_ranges  0x00000000000006a0      0x1c8 ./Middlewares/Third_Party/FreeRTOS/Source/CMSIS_RTOS/cmsis_os.o
 .debug_ranges  0x0000000000000868       0x30 ./Middlewares/Third_Party/FreeRTOS/Source/list.o
 .debug_ranges  0x0000000000000898      0x108 ./Middlewares/Third_Party/FreeRTOS/Source/queue.o
 .debug_ranges  0x00000000000009a0      0x1c0 ./Middlewares/Third_Party/FreeRTOS/Source/tasks.o
 .debug_ranges  0x0000000000000b60       0x68 ./Middlewares/Third_Party/FreeRTOS/Source/portable/GCC/ARM_CM3/port.o
 .debug_ranges  0x0000000000000bc8       0x28 ./Middlewares/Third_Party/FreeRTOS/Source/portable/MemMang/heap_1.o
 .debug_ranges  0x0000000000000bf0       0x98 ./Middlewares/Third_Party/TraceRecorder/trcKernelPort.o
 .debug_ranges  0x0000000000000c88      0x1b8 ./Middlewares/Third_Party/TraceRecorder/trcSnapshotRecorder.o
 .debug_ranges  0x0000000000000e40       0x30 ./Src/freertos.o
 .debug_ranges  0x0000000000000e70       0x10 ./Src/gpio.o
 .debug_ranges  0x0000000000000e80       0x28 ./Src/main.o
 .debug_ranges  0x0000000000000ea8       0x10 ./Src/stm32l1xx_hal_msp.o
 .debug_ranges  0x0000000000000eb8       0x20 ./Src/stm32l1xx_hal_timebase_tim.o
 .debug_ranges  0x0000000000000ed8       0x40 ./Src/stm32l1xx_it.o
 .debug_ranges  0x0000000000000f18       0x18 ./Src/system_stm32l1xx.o
 .debug_ranges  0x0000000000000f30       0x20 ./Startup/startup_stm32l152retx.o

.debug_macro    0x0000000000000000    0x1995c
 .debug_macro   0x0000000000000000      0x220 ./Drivers/MeSN/UART/mesn_uart.o
 .debug_macro   0x0000000000000220      0xa6c ./Drivers/MeSN/UART/mesn_uart.o
 .debug_macro   0x0000000000000c8c       0x10 ./Drivers/MeSN/UART/mesn_uart.o
 .debug_macro   0x0000000000000c9c      0x109 ./Drivers/MeSN/UART/mesn_uart.o
 .debug_macro   0x0000000000000da5       0x2e ./Drivers/MeSN/UART/mesn_uart.o
 .debug_macro   0x0000000000000dd3       0x22 ./Drivers/MeSN/UART/mesn_uart.o
 .debug_macro   0x0000000000000df5       0x22 ./Drivers/MeSN/UART/mesn_uart.o
 .debug_macro   0x0000000000000e17       0x8e ./Drivers/MeSN/UART/mesn_uart.o
 .debug_macro   0x0000000000000ea5       0x51 ./Drivers/MeSN/UART/mesn_uart.o
 .debug_macro   0x0000000000000ef6      0x103 ./Drivers/MeSN/UART/mesn_uart.o
 .debug_macro   0x0000000000000ff9       0x6a ./Drivers/MeSN/UART/mesn_uart.o
 .debug_macro   0x0000000000001063      0x1df ./Drivers/MeSN/UART/mesn_uart.o
 .debug_macro   0x0000000000001242       0x1c ./Drivers/MeSN/UART/mesn_uart.o
 .debug_macro   0x000000000000125e       0x22 ./Drivers/MeSN/UART/mesn_uart.o
 .debug_macro   0x0000000000001280       0xbd ./Drivers/MeSN/UART/mesn_uart.o
 .debug_macro   0x000000000000133d      0xe49 ./Drivers/MeSN/UART/mesn_uart.o
 .debug_macro   0x0000000000002186      0x11f ./Drivers/MeSN/UART/mesn_uart.o
 .debug_macro   0x00000000000022a5     0xb540 ./Drivers/MeSN/UART/mesn_uart.o
 .debug_macro   0x000000000000d7e5       0x6d ./Drivers/MeSN/UART/mesn_uart.o
 .debug_macro   0x000000000000d852     0x34ca ./Drivers/MeSN/UART/mesn_uart.o
 .debug_macro   0x0000000000010d1c      0x174 ./Drivers/MeSN/UART/mesn_uart.o
 .debug_macro   0x0000000000010e90       0x5b ./Drivers/MeSN/UART/mesn_uart.o
 .debug_macro   0x0000000000010eeb      0xe38 ./Drivers/MeSN/UART/mesn_uart.o
 .debug_macro   0x0000000000011d23      0x35b ./Drivers/MeSN/UART/mesn_uart.o
 .debug_macro   0x000000000001207e      0x1b9 ./Drivers/MeSN/UART/mesn_uart.o
 .debug_macro   0x0000000000012237       0xc5 ./Drivers/MeSN/UART/mesn_uart.o
 .debug_macro   0x00000000000122fc      0x21e ./Drivers/MeSN/UART/mesn_uart.o
 .debug_macro   0x000000000001251a      0x236 ./Drivers/MeSN/UART/mesn_uart.o
 .debug_macro   0x0000000000012750      0x10f ./Drivers/MeSN/UART/mesn_uart.o
 .debug_macro   0x000000000001285f      0x567 ./Drivers/MeSN/UART/mesn_uart.o
 .debug_macro   0x0000000000012dc6      0x1e9 ./Drivers/MeSN/UART/mesn_uart.o
 .debug_macro   0x0000000000012faf       0x22 ./Drivers/MeSN/UART/mesn_uart.o
 .debug_macro   0x0000000000012fd1      0x76c ./Drivers/MeSN/UART/mesn_uart.o
 .debug_macro   0x000000000001373d       0xac ./Drivers/MeSN/UART/mesn_uart.o
 .debug_macro   0x00000000000137e9      0x170 ./Drivers/MeSN/UART/mesn_uart.o
 .debug_macro   0x0000000000013959      0x492 ./Drivers/MeSN/UART/mesn_uart.o
 .debug_macro   0x0000000000013deb      0x1c9 ./Drivers/STM32L1xx_HAL_Driver/Src/stm32l1xx_hal.o
 .debug_macro   0x0000000000013fb4      0x1a5 ./Drivers/STM32L1xx_HAL_Driver/Src/stm32l1xx_hal_cortex.o
 .debug_macro   0x0000000000014159      0x1ac ./Drivers/STM32L1xx_HAL_Driver/Src/stm32l1xx_hal_gpio.o
 .debug_macro   0x0000000000014305      0x1b7 ./Drivers/STM32L1xx_HAL_Driver/Src/stm32l1xx_hal_rcc.o
 .debug_macro   0x00000000000144bc      0x1a6 ./Drivers/STM32L1xx_HAL_Driver/Src/stm32l1xx_hal_tim.o
 .debug_macro   0x0000000000014662      0x3a0 ./Middlewares/Third_Party/FreeRTOS/Source/CMSIS_RTOS/cmsis_os.o
 .debug_macro   0x0000000000014a02       0x4c ./Middlewares/Third_Party/FreeRTOS/Source/CMSIS_RTOS/cmsis_os.o
 .debug_macro   0x0000000000014a4e       0x18 ./Middlewares/Third_Party/FreeRTOS/Source/CMSIS_RTOS/cmsis_os.o
 .debug_macro   0x0000000000014a66       0x94 ./Middlewares/Third_Party/FreeRTOS/Source/CMSIS_RTOS/cmsis_os.o
 .debug_macro   0x0000000000014afa       0x3c ./Middlewares/Third_Party/FreeRTOS/Source/CMSIS_RTOS/cmsis_os.o
 .debug_macro   0x0000000000014b36       0x34 ./Middlewares/Third_Party/FreeRTOS/Source/CMSIS_RTOS/cmsis_os.o
 .debug_macro   0x0000000000014b6a       0x16 ./Middlewares/Third_Party/FreeRTOS/Source/CMSIS_RTOS/cmsis_os.o
 .debug_macro   0x0000000000014b80       0x43 ./Middlewares/Third_Party/FreeRTOS/Source/CMSIS_RTOS/cmsis_os.o
 .debug_macro   0x0000000000014bc3       0x57 ./Middlewares/Third_Party/FreeRTOS/Source/CMSIS_RTOS/cmsis_os.o
 .debug_macro   0x0000000000014c1a       0x34 ./Middlewares/Third_Party/FreeRTOS/Source/CMSIS_RTOS/cmsis_os.o
 .debug_macro   0x0000000000014c4e       0x10 ./Middlewares/Third_Party/FreeRTOS/Source/CMSIS_RTOS/cmsis_os.o
 .debug_macro   0x0000000000014c5e       0x58 ./Middlewares/Third_Party/FreeRTOS/Source/CMSIS_RTOS/cmsis_os.o
 .debug_macro   0x0000000000014cb6       0x71 ./Middlewares/Third_Party/FreeRTOS/Source/CMSIS_RTOS/cmsis_os.o
 .debug_macro   0x0000000000014d27       0x1c ./Middlewares/Third_Party/FreeRTOS/Source/CMSIS_RTOS/cmsis_os.o
 .debug_macro   0x0000000000014d43      0x12a ./Middlewares/Third_Party/FreeRTOS/Source/CMSIS_RTOS/cmsis_os.o
 .debug_macro   0x0000000000014e6d      0x341 ./Middlewares/Third_Party/FreeRTOS/Source/CMSIS_RTOS/cmsis_os.o
 .debug_macro   0x00000000000151ae       0x10 ./Middlewares/Third_Party/FreeRTOS/Source/CMSIS_RTOS/cmsis_os.o
 .debug_macro   0x00000000000151be       0x35 ./Middlewares/Third_Party/FreeRTOS/Source/CMSIS_RTOS/cmsis_os.o
 .debug_macro   0x00000000000151f3       0x20 ./Middlewares/Third_Party/FreeRTOS/Source/CMSIS_RTOS/cmsis_os.o
 .debug_macro   0x0000000000015213       0xe3 ./Middlewares/Third_Party/FreeRTOS/Source/CMSIS_RTOS/cmsis_os.o
 .debug_macro   0x00000000000152f6      0x13f ./Middlewares/Third_Party/FreeRTOS/Source/CMSIS_RTOS/cmsis_os.o
 .debug_macro   0x0000000000015435       0x55 ./Middlewares/Third_Party/FreeRTOS/Source/CMSIS_RTOS/cmsis_os.o
 .debug_macro   0x000000000001548a       0x6a ./Middlewares/Third_Party/FreeRTOS/Source/CMSIS_RTOS/cmsis_os.o
 .debug_macro   0x00000000000154f4       0xdd ./Middlewares/Third_Party/FreeRTOS/Source/CMSIS_RTOS/cmsis_os.o
 .debug_macro   0x00000000000155d1       0x88 ./Middlewares/Third_Party/FreeRTOS/Source/CMSIS_RTOS/cmsis_os.o
 .debug_macro   0x0000000000015659      0x97f ./Middlewares/Third_Party/FreeRTOS/Source/CMSIS_RTOS/cmsis_os.o
 .debug_macro   0x0000000000015fd8      0x259 ./Middlewares/Third_Party/FreeRTOS/Source/CMSIS_RTOS/cmsis_os.o
 .debug_macro   0x0000000000016231      0x15a ./Middlewares/Third_Party/FreeRTOS/Source/CMSIS_RTOS/cmsis_os.o
 .debug_macro   0x000000000001638b       0xd7 ./Middlewares/Third_Party/FreeRTOS/Source/CMSIS_RTOS/cmsis_os.o
 .debug_macro   0x0000000000016462       0x10 ./Middlewares/Third_Party/FreeRTOS/Source/CMSIS_RTOS/cmsis_os.o
 .debug_macro   0x0000000000016472       0x1f ./Middlewares/Third_Party/FreeRTOS/Source/CMSIS_RTOS/cmsis_os.o
 .debug_macro   0x0000000000016491       0x16 ./Middlewares/Third_Party/FreeRTOS/Source/CMSIS_RTOS/cmsis_os.o
 .debug_macro   0x00000000000164a7      0x37d ./Middlewares/Third_Party/FreeRTOS/Source/CMSIS_RTOS/cmsis_os.o
 .debug_macro   0x0000000000016824       0xb5 ./Middlewares/Third_Party/FreeRTOS/Source/CMSIS_RTOS/cmsis_os.o
 .debug_macro   0x00000000000168d9       0x8c ./Middlewares/Third_Party/FreeRTOS/Source/CMSIS_RTOS/cmsis_os.o
 .debug_macro   0x0000000000016965       0x91 ./Middlewares/Third_Party/FreeRTOS/Source/CMSIS_RTOS/cmsis_os.o
 .debug_macro   0x00000000000169f6       0x86 ./Middlewares/Third_Party/FreeRTOS/Source/CMSIS_RTOS/cmsis_os.o
 .debug_macro   0x0000000000016a7c       0x69 ./Middlewares/Third_Party/FreeRTOS/Source/CMSIS_RTOS/cmsis_os.o
 .debug_macro   0x0000000000016ae5       0xcf ./Middlewares/Third_Party/FreeRTOS/Source/CMSIS_RTOS/cmsis_os.o
 .debug_macro   0x0000000000016bb4      0x32c ./Middlewares/Third_Party/FreeRTOS/Source/list.o
 .debug_macro   0x0000000000016ee0      0x3b7 ./Middlewares/Third_Party/FreeRTOS/Source/queue.o
 .debug_macro   0x0000000000017297       0x16 ./Middlewares/Third_Party/FreeRTOS/Source/queue.o
 .debug_macro   0x00000000000172ad      0x425 ./Middlewares/Third_Party/FreeRTOS/Source/tasks.o
 .debug_macro   0x00000000000176d2       0x10 ./Middlewares/Third_Party/FreeRTOS/Source/tasks.o
 .debug_macro   0x00000000000176e2      0x3a2 ./Middlewares/Third_Party/FreeRTOS/Source/portable/GCC/ARM_CM3/port.o
 .debug_macro   0x0000000000017a84      0x34d ./Middlewares/Third_Party/FreeRTOS/Source/portable/MemMang/heap_1.o
 .debug_macro   0x0000000000017dd1      0x309 ./Middlewares/Third_Party/TraceRecorder/trcKernelPort.o
 .debug_macro   0x00000000000180da      0x34e ./Middlewares/Third_Party/TraceRecorder/trcSnapshotRecorder.o
 .debug_macro   0x0000000000018428       0xe3 ./Middlewares/Third_Party/TraceRecorder/trcSnapshotRecorder.o
 .debug_macro   0x000000000001850b      0x4aa ./Middlewares/Third_Party/TraceRecorder/trcSnapshotRecorder.o
 .debug_macro   0x00000000000189b5       0x58 ./Middlewares/Third_Party/TraceRecorder/trcSnapshotRecorder.o
 .debug_macro   0x0000000000018a0d      0x360 ./Src/freertos.o
 .debug_macro   0x0000000000018d6d       0x16 ./Src/freertos.o
 .debug_macro   0x0000000000018d83      0x1b9 ./Src/gpio.o
 .debug_macro   0x0000000000018f3c      0x36e ./Src/main.o
 .debug_macro   0x00000000000192aa      0x1af ./Src/stm32l1xx_hal_msp.o
 .debug_macro   0x0000000000019459      0x1a5 ./Src/stm32l1xx_hal_timebase_tim.o
 .debug_macro   0x00000000000195fe      0x1b9 ./Src/stm32l1xx_it.o
 .debug_macro   0x00000000000197b7      0x1a5 ./Src/system_stm32l1xx.o

.debug_line     0x0000000000000000    0x12f48
 .debug_line    0x0000000000000000      0x7c1 ./Drivers/MeSN/UART/mesn_uart.o
 .debug_line    0x00000000000007c1      0x8f8 ./Drivers/STM32L1xx_HAL_Driver/Src/stm32l1xx_hal.o
 .debug_line    0x00000000000010b9      0xbc5 ./Drivers/STM32L1xx_HAL_Driver/Src/stm32l1xx_hal_cortex.o
 .debug_line    0x0000000000001c7e      0x972 ./Drivers/STM32L1xx_HAL_Driver/Src/stm32l1xx_hal_gpio.o
 .debug_line    0x00000000000025f0      0xe00 ./Drivers/STM32L1xx_HAL_Driver/Src/stm32l1xx_hal_rcc.o
 .debug_line    0x00000000000033f0     0x2dbc ./Drivers/STM32L1xx_HAL_Driver/Src/stm32l1xx_hal_tim.o
 .debug_line    0x00000000000061ac     0x14b4 ./Middlewares/Third_Party/FreeRTOS/Source/CMSIS_RTOS/cmsis_os.o
 .debug_line    0x0000000000007660      0xa4d ./Middlewares/Third_Party/FreeRTOS/Source/list.o
 .debug_line    0x00000000000080ad     0x1a34 ./Middlewares/Third_Party/FreeRTOS/Source/queue.o
 .debug_line    0x0000000000009ae1     0x1fca ./Middlewares/Third_Party/FreeRTOS/Source/tasks.o
 .debug_line    0x000000000000baab      0xbd5 ./Middlewares/Third_Party/FreeRTOS/Source/portable/GCC/ARM_CM3/port.o
 .debug_line    0x000000000000c680      0xa21 ./Middlewares/Third_Party/FreeRTOS/Source/portable/MemMang/heap_1.o
 .debug_line    0x000000000000d0a1      0xc32 ./Middlewares/Third_Party/TraceRecorder/trcKernelPort.o
 .debug_line    0x000000000000dcd3     0x1c89 ./Middlewares/Third_Party/TraceRecorder/trcSnapshotRecorder.o
 .debug_line    0x000000000000f95c      0xa62 ./Src/freertos.o
 .debug_line    0x00000000000103be      0x647 ./Src/gpio.o
 .debug_line    0x0000000000010a05      0xa4d ./Src/main.o
 .debug_line    0x0000000000011452      0x631 ./Src/stm32l1xx_hal_msp.o
 .debug_line    0x0000000000011a83      0x6a7 ./Src/stm32l1xx_hal_timebase_tim.o
 .debug_line    0x000000000001212a      0x6cc ./Src/stm32l1xx_it.o
 .debug_line    0x00000000000127f6      0x6d0 ./Src/system_stm32l1xx.o
 .debug_line    0x0000000000012ec6       0x82 ./Startup/startup_stm32l152retx.o

.debug_str      0x0000000000000000    0x9be4e
 .debug_str     0x0000000000000000    0x834da ./Drivers/MeSN/UART/mesn_uart.o
                                      0x8377b (size before relaxing)
 .debug_str     0x00000000000834da      0x384 ./Drivers/STM32L1xx_HAL_Driver/Src/stm32l1xx_hal.o
                                      0x8362a (size before relaxing)
 .debug_str     0x000000000008385e      0x3ad ./Drivers/STM32L1xx_HAL_Driver/Src/stm32l1xx_hal_cortex.o
                                      0x83704 (size before relaxing)
 .debug_str     0x0000000000083c0b      0x167 ./Drivers/STM32L1xx_HAL_Driver/Src/stm32l1xx_hal_gpio.o
                                      0x83098 (size before relaxing)
 .debug_str     0x0000000000083d72      0x3f9 ./Drivers/STM32L1xx_HAL_Driver/Src/stm32l1xx_hal_rcc.o
                                      0x833c1 (size before relaxing)
 .debug_str     0x000000000008416b     0x129a ./Drivers/STM32L1xx_HAL_Driver/Src/stm32l1xx_hal_tim.o
                                      0x841f1 (size before relaxing)
 .debug_str     0x0000000000085405    0x129f3 ./Middlewares/Third_Party/FreeRTOS/Source/CMSIS_RTOS/cmsis_os.o
                                      0x959e0 (size before relaxing)
 .debug_str     0x0000000000097df8      0x22a ./Middlewares/Third_Party/FreeRTOS/Source/list.o
                                      0x92eca (size before relaxing)
 .debug_str     0x0000000000098022      0xa64 ./Middlewares/Third_Party/FreeRTOS/Source/queue.o
                                      0x94838 (size before relaxing)
 .debug_str     0x0000000000098a86     0x158d ./Middlewares/Third_Party/FreeRTOS/Source/tasks.o
                                      0x9582b (size before relaxing)
 .debug_str     0x000000000009a013      0x66e ./Middlewares/Third_Party/FreeRTOS/Source/portable/GCC/ARM_CM3/port.o
                                      0x92624 (size before relaxing)
 .debug_str     0x000000000009a681      0x109 ./Middlewares/Third_Party/FreeRTOS/Source/portable/MemMang/heap_1.o
                                      0x934e4 (size before relaxing)
 .debug_str     0x000000000009a78a      0x57e ./Middlewares/Third_Party/TraceRecorder/trcKernelPort.o
                                      0x92d3d (size before relaxing)
 .debug_str     0x000000000009ad08      0xe68 ./Middlewares/Third_Party/TraceRecorder/trcSnapshotRecorder.o
                                      0x93c3d (size before relaxing)
 .debug_str     0x000000000009bb70       0xd0 ./Src/freertos.o
                                      0x93d05 (size before relaxing)
 .debug_str     0x000000000009bc40       0x27 ./Src/gpio.o
                                      0x82f5d (size before relaxing)
 .debug_str     0x000000000009bc67       0x42 ./Src/main.o
                                      0x94152 (size before relaxing)
 .debug_str     0x000000000009bca9       0x1b ./Src/stm32l1xx_hal_msp.o
                                      0x8320e (size before relaxing)
 .debug_str     0x000000000009bcc4       0x60 ./Src/stm32l1xx_hal_timebase_tim.o
                                      0x8382c (size before relaxing)
 .debug_str     0x000000000009bd24       0x9d ./Src/stm32l1xx_it.o
                                      0x8335a (size before relaxing)
 .debug_str     0x000000000009bdc1       0x5c ./Src/system_stm32l1xx.o
                                      0x82f00 (size before relaxing)
 .debug_str     0x000000000009be1d       0x31 ./Startup/startup_stm32l152retx.o
                                         0x4c (size before relaxing)

.comment        0x0000000000000000       0x50
 .comment       0x0000000000000000       0x50 ./Drivers/MeSN/UART/mesn_uart.o
                                         0x51 (size before relaxing)
 .comment       0x0000000000000050       0x51 ./Drivers/STM32L1xx_HAL_Driver/Src/stm32l1xx_hal.o
 .comment       0x0000000000000050       0x51 ./Drivers/STM32L1xx_HAL_Driver/Src/stm32l1xx_hal_cortex.o
 .comment       0x0000000000000050       0x51 ./Drivers/STM32L1xx_HAL_Driver/Src/stm32l1xx_hal_gpio.o
 .comment       0x0000000000000050       0x51 ./Drivers/STM32L1xx_HAL_Driver/Src/stm32l1xx_hal_rcc.o
 .comment       0x0000000000000050       0x51 ./Drivers/STM32L1xx_HAL_Driver/Src/stm32l1xx_hal_tim.o
 .comment       0x0000000000000050       0x51 ./Middlewares/Third_Party/FreeRTOS/Source/CMSIS_RTOS/cmsis_os.o
 .comment       0x0000000000000050       0x51 ./Middlewares/Third_Party/FreeRTOS/Source/list.o
 .comment       0x0000000000000050       0x51 ./Middlewares/Third_Party/FreeRTOS/Source/queue.o
 .comment       0x0000000000000050       0x51 ./Middlewares/Third_Party/FreeRTOS/Source/tasks.o
 .comment       0x0000000000000050       0x51 ./Middlewares/Third_Party/FreeRTOS/Source/portable/GCC/ARM_CM3/port.o
 .comment       0x0000000000000050       0x51 ./Middlewares/Third_Party/FreeRTOS/Source/portable/MemMang/heap_1.o
 .comment       0x0000000000000050       0x51 ./Middlewares/Third_Party/TraceRecorder/trcKernelPort.o
 .comment       0x0000000000000050       0x51 ./Middlewares/Third_Party/TraceRecorder/trcSnapshotRecorder.o
 .comment       0x0000000000000050       0x51 ./Src/freertos.o
 .comment       0x0000000000000050       0x51 ./Src/gpio.o
 .comment       0x0000000000000050       0x51 ./Src/main.o
 .comment       0x0000000000000050       0x51 ./Src/stm32l1xx_hal_msp.o
 .comment       0x0000000000000050       0x51 ./Src/stm32l1xx_hal_timebase_tim.o
 .comment       0x0000000000000050       0x51 ./Src/stm32l1xx_it.o
 .comment       0x0000000000000050       0x51 ./Src/system_stm32l1xx.o

.debug_frame    0x0000000000000000     0x456c
 .debug_frame   0x0000000000000000      0x114 ./Drivers/MeSN/UART/mesn_uart.o
 .debug_frame   0x0000000000000114      0x33c ./Drivers/STM32L1xx_HAL_Driver/Src/stm32l1xx_hal.o
 .debug_frame   0x0000000000000450      0x498 ./Drivers/STM32L1xx_HAL_Driver/Src/stm32l1xx_hal_cortex.o
 .debug_frame   0x00000000000008e8      0x14c ./Drivers/STM32L1xx_HAL_Driver/Src/stm32l1xx_hal_gpio.o
 .debug_frame   0x0000000000000a34      0x224 ./Drivers/STM32L1xx_HAL_Driver/Src/stm32l1xx_hal_rcc.o
 .debug_frame   0x0000000000000c58     0x11b4 ./Drivers/STM32L1xx_HAL_Driver/Src/stm32l1xx_hal_tim.o
 .debug_frame   0x0000000000001e0c      0x808 ./Middlewares/Third_Party/FreeRTOS/Source/CMSIS_RTOS/cmsis_os.o