../Core/examples/advanced_control/example_detector_distance_calibration_caching.c:138:5:acc_example_detector_distance_calibration_caching	152	static
../Core/examples/advanced_control/example_detector_distance_calibration_caching.c:229:13:set_config	16	static
../Core/examples/advanced_control/example_detector_distance_calibration_caching.c:246:13:initialize_detector_resources	16	static
../Core/examples/advanced_control/example_detector_distance_calibration_caching.c:279:13:detector_get_next	40	static
../Core/examples/advanced_control/example_detector_distance_calibration_caching.c:325:13:cleanup	16	static
../Core/examples/advanced_control/example_detector_distance_calibration_caching.c:358:13:sensor_and_detector_calibration	24	static
../Core/examples/advanced_control/example_detector_distance_calibration_caching.c:379:13:sensor_calibration	40	static
../Core/examples/advanced_control/example_detector_distance_calibration_caching.c:415:13:detector_calibration_full	72	static
../Core/examples/advanced_control/example_detector_distance_calibration_caching.c:442:13:detector_calibration_update	56	static
../Core/examples/advanced_control/example_detector_distance_calibration_caching.c:467:13:calibration_caching	24	static
../Core/examples/advanced_control/example_detector_distance_calibration_caching.c:511:13:find_cache_index	24	static
../Core/examples/advanced_control/example_detector_distance_calibration_caching.c:534:13:get_next_empty_cache_index	16	static
../Core/examples/advanced_control/example_detector_distance_calibration_caching.c:542:13:add_cache	24	static
